header
	T;group;dirt2;lib/Textures/dirt2.png
	T;group;path1;lib/Textures/path1.PNG
	T;ground;dirt1;lib/Textures/dirt1.png
	T;ground;grass1;lib/Textures/grass1.png
	T;brick;brick1;lib/Textures/brick1.png
	T;brick;brick2;lib/Textures/brick2.png
	T;ground;cube1;lib/Textures/cube1.png
	T;border;grass_border1;lib/Textures/grass_border1.png
/header

level
	Entity=ent0
		name=ent0
		type=level
		positionX=19.0
		positionY=-3.0
		positionZ=0.0
		gravityX=0.0
		gravityY=0.0
		gravityZ=0.0
		mass=0.0
		transparent=false
		alpha=1.0
		texture_name=brick1
		collidable=true
		size=1.0
		TTL=0
	/Entity


	Entity=ent1
		name=ent1
		type=level
		positionX=21.0
		positionY=-3.0
		positionZ=0.0
		gravityX=0.0
		gravityY=0.0
		gravityZ=0.0
		mass=0.0
		transparent=false
		alpha=1.0
		texture_name=brick1
		collidable=true
		size=1.0
		TTL=0
	/Entity


	Entity=ent2
		name=ent2
		type=level
		positionX=23.0
		positionY=-3.0
		positionZ=0.0
		gravityX=0.0
		gravityY=0.0
		gravityZ=0.0
		mass=0.0
		transparent=false
		alpha=1.0
		texture_name=brick1
		collidable=true
		size=1.0
		TTL=0
	/Entity


	Entity=ent3
		name=ent3
		type=level
		positionX=25.0
		positionY=-3.0
		positionZ=0.0
		gravityX=0.0
		gravityY=0.0
		gravityZ=0.0
		mass=0.0
		transparent=false
		alpha=1.0
		texture_name=brick1
		collidable=true
		size=1.0
		TTL=0
	/Entity


	Entity=ent4
		name=ent4
		type=level
		positionX=27.0
		positionY=-3.0
		positionZ=0.0
		gravityX=0.0
		gravityY=0.0
		gravityZ=0.0
		mass=0.0
		transparent=false
		alpha=1.0
		texture_name=brick1
		collidable=true
		size=1.0
		TTL=0
	/Entity


	Entity=ent5
		name=ent5
		type=level
		positionX=19.0
		positionY=-1.0
		positionZ=0.0
		gravityX=0.0
		gravityY=0.0
		gravityZ=0.0
		mass=0.0
		transparent=false
		alpha=1.0
		texture_name=brick1
		collidable=true
		size=1.0
		TTL=0
	/Entity


	Entity=ent6
		name=ent6
		type=level
		positionX=21.0
		positionY=-1.0
		positionZ=0.0
		gravityX=0.0
		gravityY=0.0
		gravityZ=0.0
		mass=0.0
		transparent=false
		alpha=1.0
		texture_name=brick1
		collidable=true
		size=1.0
		TTL=0
	/Entity


	Entity=ent7
		name=ent7
		type=level
		positionX=23.0
		positionY=-1.0
		positionZ=0.0
		gravityX=0.0
		gravityY=0.0
		gravityZ=0.0
		mass=0.0
		transparent=false
		alpha=1.0
		texture_name=brick1
		collidable=true
		size=1.0
		TTL=0
	/Entity


	Entity=ent8
		name=ent8
		type=level
		positionX=25.0
		positionY=-1.0
		positionZ=0.0
		gravityX=0.0
		gravityY=0.0
		gravityZ=0.0
		mass=0.0
		transparent=false
		alpha=1.0
		texture_name=brick1
		collidable=true
		size=1.0
		TTL=0
	/Entity


	Entity=ent9
		name=ent9
		type=level
		positionX=21.0
		positionY=1.0
		positionZ=0.0
		gravityX=0.0
		gravityY=0.0
		gravityZ=0.0
		mass=0.0
		transparent=false
		alpha=1.0
		texture_name=brick1
		collidable=true
		size=1.0
		TTL=0
	/Entity


	Entity=ent10
		name=ent10
		type=level
		positionX=23.0
		positionY=1.0
		positionZ=0.0
		gravityX=0.0
		gravityY=0.0
		gravityZ=0.0
		mass=0.0
		transparent=false
		alpha=1.0
		texture_name=brick1
		collidable=true
		size=1.0
		TTL=0
	/Entity


	Entity=ent11
		name=ent11
		type=level
		positionX=25.0
		positionY=1.0
		positionZ=0.0
		gravityX=0.0
		gravityY=0.0
		gravityZ=0.0
		mass=0.0
		transparent=false
		alpha=1.0
		texture_name=brick1
		collidable=true
		size=1.0
		TTL=0
	/Entity


	Entity=ent12
		name=ent12
		type=level
		positionX=27.0
		positionY=-1.0
		positionZ=0.0
		gravityX=0.0
		gravityY=0.0
		gravityZ=0.0
		mass=0.0
		transparent=false
		alpha=1.0
		texture_name=brick1
		collidable=true
		size=1.0
		TTL=0
	/Entity


	Entity=ent13
		name=ent13
		type=level
		positionX=23.0
		positionY=3.0
		positionZ=0.0
		gravityX=0.0
		gravityY=0.0
		gravityZ=0.0
		mass=0.0
		transparent=false
		alpha=1.0
		texture_name=brick1
		collidable=true
		size=1.0
		TTL=0
	/Entity


	Entity=ent14
		name=ent14
		type=level
		positionX=5.0
		positionY=15.0
		positionZ=-10.0
		gravityX=0.0
		gravityY=0.0
		gravityZ=0.0
		mass=0.0
		transparent=false
		alpha=1.0
		texture_name=cube1
		collidable=true
		size=1.0
		TTL=0
	/Entity


	Entity=ent15
		name=ent15
		type=level
		positionX=33.0
		positionY=21.0
		positionZ=-10.0
		gravityX=0.0
		gravityY=0.0
		gravityZ=0.0
		mass=0.0
		transparent=false
		alpha=1.0
		texture_name=cube1
		collidable=true
		size=1.0
		TTL=0
	/Entity


	Entity=ent16
		name=ent16
		type=level
		positionX=33.0
		positionY=21.0
		positionZ=-10.0
		gravityX=0.0
		gravityY=0.0
		gravityZ=0.0
		mass=0.0
		transparent=false
		alpha=1.0
		texture_name=cube1
		collidable=true
		size=1.0
		TTL=0
	/Entity


	Entity=ent17
		name=ent17
		type=level
		positionX=8.0
		positionY=15.0
		positionZ=14.0
		gravityX=0.0
		gravityY=0.0
		gravityZ=0.0
		mass=0.0
		transparent=false
		alpha=1.0
		texture_name=cube1
		collidable=true
		size=1.0
		TTL=0
	/Entity


	Entity=ent18
		name=ent18
		type=level
		positionX=17.0
		positionY=13.0
		positionZ=14.0
		gravityX=0.0
		gravityY=0.0
		gravityZ=0.0
		mass=0.0
		transparent=false
		alpha=1.0
		texture_name=cube1
		collidable=true
		size=1.0
		TTL=0
	/Entity


	Entity=ent19
		name=ent19
		type=level
		positionX=11.0
		positionY=18.0
		positionZ=14.0
		gravityX=0.0
		gravityY=0.0
		gravityZ=0.0
		mass=0.0
		transparent=false
		alpha=1.0
		texture_name=cube1
		collidable=true
		size=1.0
		TTL=0
	/Entity


	Entity=ent20
		name=ent20
		type=level
		positionX=23.0
		positionY=16.0
		positionZ=5.0
		gravityX=0.0
		gravityY=0.0
		gravityZ=0.0
		mass=0.0
		transparent=false
		alpha=1.0
		texture_name=cube1
		collidable=true
		size=1.0
		TTL=0
	/Entity


	Entity=ent21
		name=ent21
		type=level
		positionX=0.0
		positionY=20.0
		positionZ=1.0
		gravityX=0.0
		gravityY=0.0
		gravityZ=0.0
		mass=0.0
		transparent=false
		alpha=1.0
		texture_name=cube1
		collidable=true
		size=1.0
		TTL=0
	/Entity


	Entity=ent22
		name=ent22
		type=level
		positionX=32.0
		positionY=24.0
		positionZ=0.0
		gravityX=0.0
		gravityY=0.0
		gravityZ=0.0
		mass=0.0
		transparent=false
		alpha=1.0
		texture_name=cube1
		collidable=true
		size=1.0
		TTL=0
	/Entity


	Entity=ent23
		name=ent23
		type=level
		positionX=15.0
		positionY=23.0
		positionZ=0.0
		gravityX=0.0
		gravityY=0.0
		gravityZ=0.0
		mass=0.0
		transparent=false
		alpha=1.0
		texture_name=cube1
		collidable=true
		size=1.0
		TTL=0
	/Entity


	Entity=ent24
		name=ent24
		type=level
		positionX=41.0
		positionY=-7.0
		positionZ=0.0
		gravityX=0.0
		gravityY=0.0
		gravityZ=0.0
		mass=0.0
		transparent=false
		alpha=1.0
		texture_name=dirt2
		collidable=true
		size=1.0
		TTL=0
	/Entity


	Entity=ent25
		name=ent25
		type=level
		positionX=41.0
		positionY=-9.0
		positionZ=0.0
		gravityX=0.0
		gravityY=0.0
		gravityZ=0.0
		mass=0.0
		transparent=false
		alpha=1.0
		texture_name=dirt2
		collidable=true
		size=1.0
		TTL=0
	/Entity


	Entity=ent26
		name=ent26
		type=level
		positionX=41.0
		positionY=-11.0
		positionZ=0.0
		gravityX=0.0
		gravityY=0.0
		gravityZ=0.0
		mass=0.0
		transparent=false
		alpha=1.0
		texture_name=dirt2
		collidable=true
		size=1.0
		TTL=0
	/Entity


	Entity=ent27
		name=ent27
		type=level
		positionX=43.0
		positionY=-11.0
		positionZ=0.0
		gravityX=0.0
		gravityY=0.0
		gravityZ=0.0
		mass=0.0
		transparent=false
		alpha=1.0
		texture_name=dirt2
		collidable=true
		size=1.0
		TTL=0
	/Entity


	Entity=ent28
		name=ent28
		type=level
		positionX=43.0
		positionY=-9.0
		positionZ=0.0
		gravityX=0.0
		gravityY=0.0
		gravityZ=0.0
		mass=0.0
		transparent=false
		alpha=1.0
		texture_name=dirt2
		collidable=true
		size=1.0
		TTL=0
	/Entity


	Entity=ent29
		name=ent29
		type=level
		positionX=43.0
		positionY=-7.0
		positionZ=0.0
		gravityX=0.0
		gravityY=0.0
		gravityZ=0.0
		mass=0.0
		transparent=false
		alpha=1.0
		texture_name=dirt2
		collidable=true
		size=1.0
		TTL=0
	/Entity


	Entity=ent30
		name=ent30
		type=level
		positionX=43.0
		positionY=-5.0
		positionZ=0.0
		gravityX=0.0
		gravityY=0.0
		gravityZ=0.0
		mass=0.0
		transparent=false
		alpha=1.0
		texture_name=dirt2
		collidable=true
		size=1.0
		TTL=0
	/Entity


	Entity=ent31
		name=ent31
		type=level
		positionX=45.0
		positionY=-3.0
		positionZ=0.0
		gravityX=0.0
		gravityY=0.0
		gravityZ=0.0
		mass=0.0
		transparent=false
		alpha=1.0
		texture_name=dirt2
		collidable=true
		size=1.0
		TTL=0
	/Entity


	Entity=ent32
		name=ent32
		type=level
		positionX=45.0
		positionY=-5.0
		positionZ=0.0
		gravityX=0.0
		gravityY=0.0
		gravityZ=0.0
		mass=0.0
		transparent=false
		alpha=1.0
		texture_name=dirt2
		collidable=true
		size=1.0
		TTL=0
	/Entity


	Entity=ent33
		name=ent33
		type=level
		positionX=45.0
		positionY=-7.0
		positionZ=0.0
		gravityX=0.0
		gravityY=0.0
		gravityZ=0.0
		mass=0.0
		transparent=false
		alpha=1.0
		texture_name=dirt2
		collidable=true
		size=1.0
		TTL=0
	/Entity


	Entity=ent34
		name=ent34
		type=level
		positionX=45.0
		positionY=-9.0
		positionZ=0.0
		gravityX=0.0
		gravityY=0.0
		gravityZ=0.0
		mass=0.0
		transparent=false
		alpha=1.0
		texture_name=dirt2
		collidable=true
		size=1.0
		TTL=0
	/Entity


	Entity=ent35
		name=ent35
		type=level
		positionX=45.0
		positionY=-11.0
		positionZ=0.0
		gravityX=0.0
		gravityY=0.0
		gravityZ=0.0
		mass=0.0
		transparent=false
		alpha=1.0
		texture_name=dirt2
		collidable=true
		size=1.0
		TTL=0
	/Entity


	Entity=ent36
		name=ent36
		type=level
		positionX=47.0
		positionY=-11.0
		positionZ=0.0
		gravityX=0.0
		gravityY=0.0
		gravityZ=0.0
		mass=0.0
		transparent=false
		alpha=1.0
		texture_name=dirt2
		collidable=true
		size=1.0
		TTL=0
	/Entity


	Entity=ent37
		name=ent37
		type=level
		positionX=47.0
		positionY=-9.0
		positionZ=0.0
		gravityX=0.0
		gravityY=0.0
		gravityZ=0.0
		mass=0.0
		transparent=false
		alpha=1.0
		texture_name=dirt2
		collidable=true
		size=1.0
		TTL=0
	/Entity


	Entity=ent38
		name=ent38
		type=level
		positionX=47.0
		positionY=-7.0
		positionZ=0.0
		gravityX=0.0
		gravityY=0.0
		gravityZ=0.0
		mass=0.0
		transparent=false
		alpha=1.0
		texture_name=dirt2
		collidable=true
		size=1.0
		TTL=0
	/Entity


	Entity=ent39
		name=ent39
		type=level
		positionX=47.0
		positionY=-5.0
		positionZ=0.0
		gravityX=0.0
		gravityY=0.0
		gravityZ=0.0
		mass=0.0
		transparent=false
		alpha=1.0
		texture_name=dirt2
		collidable=true
		size=1.0
		TTL=0
	/Entity


	Entity=ent40
		name=ent40
		type=level
		positionX=47.0
		positionY=-3.0
		positionZ=0.0
		gravityX=0.0
		gravityY=0.0
		gravityZ=0.0
		mass=0.0
		transparent=false
		alpha=1.0
		texture_name=dirt2
		collidable=true
		size=1.0
		TTL=0
	/Entity


	Entity=ent41
		name=ent41
		type=level
		positionX=47.0
		positionY=-1.0
		positionZ=0.0
		gravityX=0.0
		gravityY=0.0
		gravityZ=0.0
		mass=0.0
		transparent=false
		alpha=1.0
		texture_name=dirt2
		collidable=true
		size=1.0
		TTL=0
	/Entity


	Entity=ent42
		name=ent42
		type=level
		positionX=41.0
		positionY=-5.0
		positionZ=0.0
		gravityX=0.0
		gravityY=0.0
		gravityZ=0.0
		mass=0.0
		transparent=false
		alpha=1.0
		texture_name=dirt2
		collidable=true
		size=1.0
		TTL=0
	/Entity


	Entity=ent43
		name=ent43
		type=level
		positionX=43.0
		positionY=-3.0
		positionZ=0.0
		gravityX=0.0
		gravityY=0.0
		gravityZ=0.0
		mass=0.0
		transparent=false
		alpha=1.0
		texture_name=dirt2
		collidable=true
		size=1.0
		TTL=0
	/Entity


	Entity=ent44
		name=ent44
		type=level
		positionX=45.0
		positionY=-1.0
		positionZ=0.0
		gravityX=0.0
		gravityY=0.0
		gravityZ=0.0
		mass=0.0
		transparent=false
		alpha=1.0
		texture_name=dirt2
		collidable=true
		size=1.0
		TTL=0
	/Entity


	Entity=ent45
		name=ent45
		type=level
		positionX=47.0
		positionY=1.0
		positionZ=0.0
		gravityX=0.0
		gravityY=0.0
		gravityZ=0.0
		mass=0.0
		transparent=false
		alpha=1.0
		texture_name=dirt2
		collidable=true
		size=1.0
		TTL=0
	/Entity


	Entity=ent46
		name=ent46
		type=level
		positionX=49.0
		positionY=1.0
		positionZ=0.0
		gravityX=0.0
		gravityY=0.0
		gravityZ=0.0
		mass=0.0
		transparent=false
		alpha=1.0
		texture_name=dirt2
		collidable=true
		size=1.0
		TTL=0
	/Entity


	Entity=ent47
		name=ent47
		type=level
		positionX=51.0
		positionY=1.0
		positionZ=0.0
		gravityX=0.0
		gravityY=0.0
		gravityZ=0.0
		mass=0.0
		transparent=false
		alpha=1.0
		texture_name=dirt2
		collidable=true
		size=1.0
		TTL=0
	/Entity


	Entity=ent48
		name=ent48
		type=level
		positionX=53.0
		positionY=1.0
		positionZ=0.0
		gravityX=0.0
		gravityY=0.0
		gravityZ=0.0
		mass=0.0
		transparent=false
		alpha=1.0
		texture_name=dirt2
		collidable=true
		size=1.0
		TTL=0
	/Entity


	Entity=ent49
		name=ent49
		type=level
		positionX=55.0
		positionY=1.0
		positionZ=0.0
		gravityX=0.0
		gravityY=0.0
		gravityZ=0.0
		mass=0.0
		transparent=false
		alpha=1.0
		texture_name=dirt2
		collidable=true
		size=1.0
		TTL=0
	/Entity


	Entity=ent50
		name=ent50
		type=level
		positionX=57.0
		positionY=1.0
		positionZ=0.0
		gravityX=0.0
		gravityY=0.0
		gravityZ=0.0
		mass=0.0
		transparent=false
		alpha=1.0
		texture_name=dirt2
		collidable=true
		size=1.0
		TTL=0
	/Entity


	Entity=ent51
		name=ent51
		type=level
		positionX=59.0
		positionY=1.0
		positionZ=0.0
		gravityX=0.0
		gravityY=0.0
		gravityZ=0.0
		mass=0.0
		transparent=false
		alpha=1.0
		texture_name=dirt2
		collidable=true
		size=1.0
		TTL=0
	/Entity


	Entity=ent52
		name=ent52
		type=level
		positionX=59.0
		positionY=1.0
		positionZ=0.0
		gravityX=0.0
		gravityY=0.0
		gravityZ=0.0
		mass=0.0
		transparent=false
		alpha=1.0
		texture_name=dirt2
		collidable=true
		size=1.0
		TTL=0
	/Entity


	Entity=ent53
		name=ent53
		type=level
		positionX=61.0
		positionY=1.0
		positionZ=0.0
		gravityX=0.0
		gravityY=0.0
		gravityZ=0.0
		mass=0.0
		transparent=false
		alpha=1.0
		texture_name=dirt2
		collidable=true
		size=1.0
		TTL=0
	/Entity


	Entity=ent54
		name=ent54
		type=level
		positionX=49.0
		positionY=-1.0
		positionZ=0.0
		gravityX=0.0
		gravityY=0.0
		gravityZ=0.0
		mass=0.0
		transparent=false
		alpha=1.0
		texture_name=dirt2
		collidable=true
		size=1.0
		TTL=0
	/Entity


	Entity=ent55
		name=ent55
		type=level
		positionX=51.0
		positionY=-1.0
		positionZ=0.0
		gravityX=0.0
		gravityY=0.0
		gravityZ=0.0
		mass=0.0
		transparent=false
		alpha=1.0
		texture_name=dirt2
		collidable=true
		size=1.0
		TTL=0
	/Entity


	Entity=ent56
		name=ent56
		type=level
		positionX=53.0
		positionY=-1.0
		positionZ=0.0
		gravityX=0.0
		gravityY=0.0
		gravityZ=0.0
		mass=0.0
		transparent=false
		alpha=1.0
		texture_name=dirt2
		collidable=true
		size=1.0
		TTL=0
	/Entity


	Entity=ent57
		name=ent57
		type=level
		positionX=55.0
		positionY=-1.0
		positionZ=0.0
		gravityX=0.0
		gravityY=0.0
		gravityZ=0.0
		mass=0.0
		transparent=false
		alpha=1.0
		texture_name=dirt2
		collidable=true
		size=1.0
		TTL=0
	/Entity


	Entity=ent58
		name=ent58
		type=level
		positionX=57.0
		positionY=-1.0
		positionZ=0.0
		gravityX=0.0
		gravityY=0.0
		gravityZ=0.0
		mass=0.0
		transparent=false
		alpha=1.0
		texture_name=dirt2
		collidable=true
		size=1.0
		TTL=0
	/Entity


	Entity=ent59
		name=ent59
		type=level
		positionX=59.0
		positionY=-1.0
		positionZ=0.0
		gravityX=0.0
		gravityY=0.0
		gravityZ=0.0
		mass=0.0
		transparent=false
		alpha=1.0
		texture_name=dirt2
		collidable=true
		size=1.0
		TTL=0
	/Entity


	Entity=ent60
		name=ent60
		type=level
		positionX=61.0
		positionY=-1.0
		positionZ=0.0
		gravityX=0.0
		gravityY=0.0
		gravityZ=0.0
		mass=0.0
		transparent=false
		alpha=1.0
		texture_name=dirt2
		collidable=true
		size=1.0
		TTL=0
	/Entity


	Entity=ent61
		name=ent61
		type=level
		positionX=49.0
		positionY=-3.0
		positionZ=0.0
		gravityX=0.0
		gravityY=0.0
		gravityZ=0.0
		mass=0.0
		transparent=false
		alpha=1.0
		texture_name=dirt2
		collidable=true
		size=1.0
		TTL=0
	/Entity


	Entity=ent62
		name=ent62
		type=level
		positionX=49.0
		positionY=-5.0
		positionZ=0.0
		gravityX=0.0
		gravityY=0.0
		gravityZ=0.0
		mass=0.0
		transparent=false
		alpha=1.0
		texture_name=dirt2
		collidable=true
		size=1.0
		TTL=0
	/Entity


	Entity=ent63
		name=ent63
		type=level
		positionX=49.0
		positionY=-7.0
		positionZ=0.0
		gravityX=0.0
		gravityY=0.0
		gravityZ=0.0
		mass=0.0
		transparent=false
		alpha=1.0
		texture_name=dirt2
		collidable=true
		size=1.0
		TTL=0
	/Entity


	Entity=ent64
		name=ent64
		type=level
		positionX=49.0
		positionY=-9.0
		positionZ=0.0
		gravityX=0.0
		gravityY=0.0
		gravityZ=0.0
		mass=0.0
		transparent=false
		alpha=1.0
		texture_name=dirt2
		collidable=true
		size=1.0
		TTL=0
	/Entity


	Entity=ent65
		name=ent65
		type=level
		positionX=49.0
		positionY=-11.0
		positionZ=0.0
		gravityX=0.0
		gravityY=0.0
		gravityZ=0.0
		mass=0.0
		transparent=false
		alpha=1.0
		texture_name=dirt2
		collidable=true
		size=1.0
		TTL=0
	/Entity


	Entity=ent66
		name=ent66
		type=level
		positionX=51.0
		positionY=-11.0
		positionZ=0.0
		gravityX=0.0
		gravityY=0.0
		gravityZ=0.0
		mass=0.0
		transparent=false
		alpha=1.0
		texture_name=dirt2
		collidable=true
		size=1.0
		TTL=0
	/Entity


	Entity=ent67
		name=ent67
		type=level
		positionX=51.0
		positionY=-9.0
		positionZ=0.0
		gravityX=0.0
		gravityY=0.0
		gravityZ=0.0
		mass=0.0
		transparent=false
		alpha=1.0
		texture_name=dirt2
		collidable=true
		size=1.0
		TTL=0
	/Entity


	Entity=ent68
		name=ent68
		type=level
		positionX=51.0
		positionY=-7.0
		positionZ=0.0
		gravityX=0.0
		gravityY=0.0
		gravityZ=0.0
		mass=0.0
		transparent=false
		alpha=1.0
		texture_name=dirt2
		collidable=true
		size=1.0
		TTL=0
	/Entity


	Entity=ent69
		name=ent69
		type=level
		positionX=51.0
		positionY=-5.0
		positionZ=0.0
		gravityX=0.0
		gravityY=0.0
		gravityZ=0.0
		mass=0.0
		transparent=false
		alpha=1.0
		texture_name=dirt2
		collidable=true
		size=1.0
		TTL=0
	/Entity


	Entity=ent70
		name=ent70
		type=level
		positionX=51.0
		positionY=-3.0
		positionZ=0.0
		gravityX=0.0
		gravityY=0.0
		gravityZ=0.0
		mass=0.0
		transparent=false
		alpha=1.0
		texture_name=dirt2
		collidable=true
		size=1.0
		TTL=0
	/Entity


	Entity=ent71
		name=ent71
		type=level
		positionX=53.0
		positionY=-3.0
		positionZ=0.0
		gravityX=0.0
		gravityY=0.0
		gravityZ=0.0
		mass=0.0
		transparent=false
		alpha=1.0
		texture_name=dirt2
		collidable=true
		size=1.0
		TTL=0
	/Entity


	Entity=ent72
		name=ent72
		type=level
		positionX=53.0
		positionY=-5.0
		positionZ=0.0
		gravityX=0.0
		gravityY=0.0
		gravityZ=0.0
		mass=0.0
		transparent=false
		alpha=1.0
		texture_name=dirt2
		collidable=true
		size=1.0
		TTL=0
	/Entity


	Entity=ent73
		name=ent73
		type=level
		positionX=53.0
		positionY=-7.0
		positionZ=0.0
		gravityX=0.0
		gravityY=0.0
		gravityZ=0.0
		mass=0.0
		transparent=false
		alpha=1.0
		texture_name=dirt2
		collidable=true
		size=1.0
		TTL=0
	/Entity


	Entity=ent74
		name=ent74
		type=level
		positionX=53.0
		positionY=-9.0
		positionZ=0.0
		gravityX=0.0
		gravityY=0.0
		gravityZ=0.0
		mass=0.0
		transparent=false
		alpha=1.0
		texture_name=dirt2
		collidable=true
		size=1.0
		TTL=0
	/Entity


	Entity=ent75
		name=ent75
		type=level
		positionX=53.0
		positionY=-11.0
		positionZ=0.0
		gravityX=0.0
		gravityY=0.0
		gravityZ=0.0
		mass=0.0
		transparent=false
		alpha=1.0
		texture_name=dirt2
		collidable=true
		size=1.0
		TTL=0
	/Entity


	Entity=ent76
		name=ent76
		type=level
		positionX=55.0
		positionY=-11.0
		positionZ=0.0
		gravityX=0.0
		gravityY=0.0
		gravityZ=0.0
		mass=0.0
		transparent=false
		alpha=1.0
		texture_name=dirt2
		collidable=true
		size=1.0
		TTL=0
	/Entity


	Entity=ent77
		name=ent77
		type=level
		positionX=55.0
		positionY=-9.0
		positionZ=0.0
		gravityX=0.0
		gravityY=0.0
		gravityZ=0.0
		mass=0.0
		transparent=false
		alpha=1.0
		texture_name=dirt2
		collidable=true
		size=1.0
		TTL=0
	/Entity


	Entity=ent78
		name=ent78
		type=level
		positionX=55.0
		positionY=-7.0
		positionZ=0.0
		gravityX=0.0
		gravityY=0.0
		gravityZ=0.0
		mass=0.0
		transparent=false
		alpha=1.0
		texture_name=dirt2
		collidable=true
		size=1.0
		TTL=0
	/Entity


	Entity=ent79
		name=ent79
		type=level
		positionX=55.0
		positionY=-9.0
		positionZ=0.0
		gravityX=0.0
		gravityY=0.0
		gravityZ=0.0
		mass=0.0
		transparent=false
		alpha=1.0
		texture_name=dirt2
		collidable=true
		size=1.0
		TTL=0
	/Entity


	Entity=ent80
		name=ent80
		type=level
		positionX=55.0
		positionY=-5.0
		positionZ=0.0
		gravityX=0.0
		gravityY=0.0
		gravityZ=0.0
		mass=0.0
		transparent=false
		alpha=1.0
		texture_name=dirt2
		collidable=true
		size=1.0
		TTL=0
	/Entity


	Entity=ent81
		name=ent81
		type=level
		positionX=55.0
		positionY=-3.0
		positionZ=0.0
		gravityX=0.0
		gravityY=0.0
		gravityZ=0.0
		mass=0.0
		transparent=false
		alpha=1.0
		texture_name=dirt2
		collidable=true
		size=1.0
		TTL=0
	/Entity


	Entity=ent82
		name=ent82
		type=level
		positionX=57.0
		positionY=-3.0
		positionZ=0.0
		gravityX=0.0
		gravityY=0.0
		gravityZ=0.0
		mass=0.0
		transparent=false
		alpha=1.0
		texture_name=dirt2
		collidable=true
		size=1.0
		TTL=0
	/Entity


	Entity=ent83
		name=ent83
		type=level
		positionX=57.0
		positionY=-5.0
		positionZ=0.0
		gravityX=0.0
		gravityY=0.0
		gravityZ=0.0
		mass=0.0
		transparent=false
		alpha=1.0
		texture_name=dirt2
		collidable=true
		size=1.0
		TTL=0
	/Entity


	Entity=ent84
		name=ent84
		type=level
		positionX=57.0
		positionY=-7.0
		positionZ=0.0
		gravityX=0.0
		gravityY=0.0
		gravityZ=0.0
		mass=0.0
		transparent=false
		alpha=1.0
		texture_name=dirt2
		collidable=true
		size=1.0
		TTL=0
	/Entity


	Entity=ent85
		name=ent85
		type=level
		positionX=57.0
		positionY=-9.0
		positionZ=0.0
		gravityX=0.0
		gravityY=0.0
		gravityZ=0.0
		mass=0.0
		transparent=false
		alpha=1.0
		texture_name=dirt2
		collidable=true
		size=1.0
		TTL=0
	/Entity


	Entity=ent86
		name=ent86
		type=level
		positionX=57.0
		positionY=-11.0
		positionZ=0.0
		gravityX=0.0
		gravityY=0.0
		gravityZ=0.0
		mass=0.0
		transparent=false
		alpha=1.0
		texture_name=dirt2
		collidable=true
		size=1.0
		TTL=0
	/Entity


	Entity=ent87
		name=ent87
		type=level
		positionX=59.0
		positionY=-11.0
		positionZ=0.0
		gravityX=0.0
		gravityY=0.0
		gravityZ=0.0
		mass=0.0
		transparent=false
		alpha=1.0
		texture_name=dirt2
		collidable=true
		size=1.0
		TTL=0
	/Entity


	Entity=ent88
		name=ent88
		type=level
		positionX=59.0
		positionY=-9.0
		positionZ=0.0
		gravityX=0.0
		gravityY=0.0
		gravityZ=0.0
		mass=0.0
		transparent=false
		alpha=1.0
		texture_name=dirt2
		collidable=true
		size=1.0
		TTL=0
	/Entity


	Entity=ent89
		name=ent89
		type=level
		positionX=59.0
		positionY=-7.0
		positionZ=0.0
		gravityX=0.0
		gravityY=0.0
		gravityZ=0.0
		mass=0.0
		transparent=false
		alpha=1.0
		texture_name=dirt2
		collidable=true
		size=1.0
		TTL=0
	/Entity


	Entity=ent90
		name=ent90
		type=level
		positionX=59.0
		positionY=-5.0
		positionZ=0.0
		gravityX=0.0
		gravityY=0.0
		gravityZ=0.0
		mass=0.0
		transparent=false
		alpha=1.0
		texture_name=dirt2
		collidable=true
		size=1.0
		TTL=0
	/Entity


	Entity=ent91
		name=ent91
		type=level
		positionX=59.0
		positionY=-3.0
		positionZ=0.0
		gravityX=0.0
		gravityY=0.0
		gravityZ=0.0
		mass=0.0
		transparent=false
		alpha=1.0
		texture_name=dirt2
		collidable=true
		size=1.0
		TTL=0
	/Entity


	Entity=ent92
		name=ent92
		type=level
		positionX=61.0
		positionY=-3.0
		positionZ=0.0
		gravityX=0.0
		gravityY=0.0
		gravityZ=0.0
		mass=0.0
		transparent=false
		alpha=1.0
		texture_name=dirt2
		collidable=true
		size=1.0
		TTL=0
	/Entity


	Entity=ent93
		name=ent93
		type=level
		positionX=61.0
		positionY=-5.0
		positionZ=0.0
		gravityX=0.0
		gravityY=0.0
		gravityZ=0.0
		mass=0.0
		transparent=false
		alpha=1.0
		texture_name=dirt2
		collidable=true
		size=1.0
		TTL=0
	/Entity


	Entity=ent94
		name=ent94
		type=level
		positionX=61.0
		positionY=-7.0
		positionZ=0.0
		gravityX=0.0
		gravityY=0.0
		gravityZ=0.0
		mass=0.0
		transparent=false
		alpha=1.0
		texture_name=dirt2
		collidable=true
		size=1.0
		TTL=0
	/Entity


	Entity=ent95
		name=ent95
		type=level
		positionX=61.0
		positionY=-9.0
		positionZ=0.0
		gravityX=0.0
		gravityY=0.0
		gravityZ=0.0
		mass=0.0
		transparent=false
		alpha=1.0
		texture_name=dirt2
		collidable=true
		size=1.0
		TTL=0
	/Entity


	Entity=ent96
		name=ent96
		type=level
		positionX=61.0
		positionY=-9.0
		positionZ=0.0
		gravityX=0.0
		gravityY=0.0
		gravityZ=0.0
		mass=0.0
		transparent=false
		alpha=1.0
		texture_name=dirt2
		collidable=true
		size=1.0
		TTL=0
	/Entity


	Entity=ent97
		name=ent97
		type=level
		positionX=61.0
		positionY=-11.0
		positionZ=0.0
		gravityX=0.0
		gravityY=0.0
		gravityZ=0.0
		mass=0.0
		transparent=false
		alpha=1.0
		texture_name=dirt2
		collidable=true
		size=1.0
		TTL=0
	/Entity


	Entity=ent98
		name=ent98
		type=level
		positionX=41.0
		positionY=-5.0
		positionZ=0.0
		gravityX=0.0
		gravityY=0.0
		gravityZ=0.0
		mass=0.0
		transparent=false
		alpha=1.0
		texture_name=brick2
		collidable=true
		size=1.0
		TTL=0
	/Entity


	Entity=ent99
		name=ent99
		type=level
		positionX=43.0
		positionY=-5.0
		positionZ=0.0
		gravityX=0.0
		gravityY=0.0
		gravityZ=0.0
		mass=0.0
		transparent=false
		alpha=1.0
		texture_name=brick2
		collidable=true
		size=1.0
		TTL=0
	/Entity


	Entity=ent100
		name=ent100
		type=level
		positionX=43.0
		positionY=-3.0
		positionZ=0.0
		gravityX=0.0
		gravityY=0.0
		gravityZ=0.0
		mass=0.0
		transparent=false
		alpha=1.0
		texture_name=brick2
		collidable=true
		size=1.0
		TTL=0
	/Entity


	Entity=ent101
		name=ent101
		type=level
		positionX=45.0
		positionY=-3.0
		positionZ=0.0
		gravityX=0.0
		gravityY=0.0
		gravityZ=0.0
		mass=0.0
		transparent=false
		alpha=1.0
		texture_name=brick2
		collidable=true
		size=1.0
		TTL=0
	/Entity


	Entity=ent102
		name=ent102
		type=level
		positionX=45.0
		positionY=-1.0
		positionZ=0.0
		gravityX=0.0
		gravityY=0.0
		gravityZ=0.0
		mass=0.0
		transparent=false
		alpha=1.0
		texture_name=brick2
		collidable=true
		size=1.0
		TTL=0
	/Entity


	Entity=ent103
		name=ent103
		type=level
		positionX=47.0
		positionY=1.0
		positionZ=0.0
		gravityX=0.0
		gravityY=0.0
		gravityZ=0.0
		mass=0.0
		transparent=false
		alpha=1.0
		texture_name=brick2
		collidable=true
		size=1.0
		TTL=0
	/Entity


	Entity=ent104
		name=ent104
		type=level
		positionX=47.0
		positionY=-1.0
		positionZ=0.0
		gravityX=0.0
		gravityY=0.0
		gravityZ=0.0
		mass=0.0
		transparent=false
		alpha=1.0
		texture_name=brick2
		collidable=true
		size=1.0
		TTL=0
	/Entity


	Entity=ent105
		name=ent105
		type=level
		positionX=49.0
		positionY=1.0
		positionZ=0.0
		gravityX=0.0
		gravityY=0.0
		gravityZ=0.0
		mass=0.0
		transparent=false
		alpha=1.0
		texture_name=brick2
		collidable=true
		size=1.0
		TTL=0
	/Entity


	Entity=ent106
		name=ent106
		type=level
		positionX=51.0
		positionY=1.0
		positionZ=0.0
		gravityX=0.0
		gravityY=0.0
		gravityZ=0.0
		mass=0.0
		transparent=false
		alpha=1.0
		texture_name=brick2
		collidable=true
		size=1.0
		TTL=0
	/Entity


	Entity=ent107
		name=ent107
		type=level
		positionX=53.0
		positionY=1.0
		positionZ=0.0
		gravityX=0.0
		gravityY=0.0
		gravityZ=0.0
		mass=0.0
		transparent=false
		alpha=1.0
		texture_name=brick2
		collidable=true
		size=1.0
		TTL=0
	/Entity


	Entity=ent108
		name=ent108
		type=level
		positionX=55.0
		positionY=1.0
		positionZ=0.0
		gravityX=0.0
		gravityY=0.0
		gravityZ=0.0
		mass=0.0
		transparent=false
		alpha=1.0
		texture_name=brick2
		collidable=true
		size=1.0
		TTL=0
	/Entity


	Entity=ent109
		name=ent109
		type=level
		positionX=57.0
		positionY=1.0
		positionZ=0.0
		gravityX=0.0
		gravityY=0.0
		gravityZ=0.0
		mass=0.0
		transparent=false
		alpha=1.0
		texture_name=brick2
		collidable=true
		size=1.0
		TTL=0
	/Entity


	Entity=ent110
		name=ent110
		type=level
		positionX=59.0
		positionY=1.0
		positionZ=0.0
		gravityX=0.0
		gravityY=0.0
		gravityZ=0.0
		mass=0.0
		transparent=false
		alpha=1.0
		texture_name=brick2
		collidable=true
		size=1.0
		TTL=0
	/Entity


	Entity=ent111
		name=ent111
		type=level
		positionX=61.0
		positionY=1.0
		positionZ=0.0
		gravityX=0.0
		gravityY=0.0
		gravityZ=0.0
		mass=0.0
		transparent=false
		alpha=1.0
		texture_name=brick2
		collidable=true
		size=1.0
		TTL=0
	/Entity


	Entity=ent112
		name=ent112
		type=level
		positionX=41.0
		positionY=-7.0
		positionZ=0.0
		gravityX=0.0
		gravityY=0.0
		gravityZ=0.0
		mass=0.0
		transparent=false
		alpha=1.0
		texture_name=brick2
		collidable=true
		size=1.0
		TTL=0
	/Entity


	Entity=ent113
		name=ent113
		type=level
		positionX=41.0
		positionY=-9.0
		positionZ=0.0
		gravityX=0.0
		gravityY=0.0
		gravityZ=0.0
		mass=0.0
		transparent=false
		alpha=1.0
		texture_name=brick2
		collidable=true
		size=1.0
		TTL=0
	/Entity


	Entity=ent114
		name=ent114
		type=level
		positionX=41.0
		positionY=-11.0
		positionZ=0.0
		gravityX=0.0
		gravityY=0.0
		gravityZ=0.0
		mass=0.0
		transparent=false
		alpha=1.0
		texture_name=brick2
		collidable=true
		size=1.0
		TTL=0
	/Entity


	Entity=ent115
		name=ent115
		type=level
		positionX=55.0
		positionY=3.0
		positionZ=0.0
		gravityX=0.0
		gravityY=0.0
		gravityZ=0.0
		mass=0.0
		transparent=false
		alpha=1.0
		texture_name=brick2
		collidable=true
		size=1.0
		TTL=0
	/Entity


	Entity=ent116
		name=ent116
		type=level
		positionX=57.0
		positionY=3.0
		positionZ=0.0
		gravityX=0.0
		gravityY=0.0
		gravityZ=0.0
		mass=0.0
		transparent=false
		alpha=1.0
		texture_name=brick2
		collidable=true
		size=1.0
		TTL=0
	/Entity


	Entity=ent117
		name=ent117
		type=level
		positionX=59.0
		positionY=3.0
		positionZ=0.0
		gravityX=0.0
		gravityY=0.0
		gravityZ=0.0
		mass=0.0
		transparent=false
		alpha=1.0
		texture_name=brick2
		collidable=true
		size=1.0
		TTL=0
	/Entity


	Entity=ent118
		name=ent118
		type=level
		positionX=57.0
		positionY=5.0
		positionZ=0.0
		gravityX=0.0
		gravityY=0.0
		gravityZ=0.0
		mass=0.0
		transparent=false
		alpha=1.0
		texture_name=brick2
		collidable=true
		size=1.0
		TTL=0
	/Entity


	Entity=ent119
		name=ent119
		type=level
		positionX=61.0
		positionY=-1.0
		positionZ=0.0
		gravityX=0.0
		gravityY=0.0
		gravityZ=0.0
		mass=0.0
		transparent=false
		alpha=1.0
		texture_name=brick2
		collidable=true
		size=1.0
		TTL=0
	/Entity


	Entity=ent120
		name=ent120
		type=level
		positionX=61.0
		positionY=-3.0
		positionZ=0.0
		gravityX=0.0
		gravityY=0.0
		gravityZ=0.0
		mass=0.0
		transparent=false
		alpha=1.0
		texture_name=brick2
		collidable=true
		size=1.0
		TTL=0
	/Entity


	Entity=ent121
		name=ent121
		type=level
		positionX=61.0
		positionY=-5.0
		positionZ=0.0
		gravityX=0.0
		gravityY=0.0
		gravityZ=0.0
		mass=0.0
		transparent=false
		alpha=1.0
		texture_name=brick2
		collidable=true
		size=1.0
		TTL=0
	/Entity


	Entity=ent122
		name=ent122
		type=level
		positionX=61.0
		positionY=-7.0
		positionZ=0.0
		gravityX=0.0
		gravityY=0.0
		gravityZ=0.0
		mass=0.0
		transparent=false
		alpha=1.0
		texture_name=brick2
		collidable=true
		size=1.0
		TTL=0
	/Entity


	Entity=ent123
		name=ent123
		type=level
		positionX=61.0
		positionY=-9.0
		positionZ=0.0
		gravityX=0.0
		gravityY=0.0
		gravityZ=0.0
		mass=0.0
		transparent=false
		alpha=1.0
		texture_name=brick2
		collidable=true
		size=1.0
		TTL=0
	/Entity


	Entity=ent124
		name=ent124
		type=level
		positionX=61.0
		positionY=-11.0
		positionZ=0.0
		gravityX=0.0
		gravityY=0.0
		gravityZ=0.0
		mass=0.0
		transparent=false
		alpha=1.0
		texture_name=brick2
		collidable=true
		size=1.0
		TTL=0
	/Entity


	Entity=ent125
		name=ent125
		type=level
		positionX=61.0
		positionY=-11.0
		positionZ=0.0
		gravityX=0.0
		gravityY=0.0
		gravityZ=0.0
		mass=0.0
		transparent=false
		alpha=1.0
		texture_name=brick2
		collidable=true
		size=1.0
		TTL=0
	/Entity


	Entity=ent126
		name=ent126
		type=level
		positionX=15.0
		positionY=-3.0
		positionZ=0.0
		gravityX=0.0
		gravityY=0.0
		gravityZ=0.0
		mass=0.0
		transparent=false
		alpha=1.0
		texture_name=path1
		collidable=true
		size=1.0
		TTL=0
	/Entity


	Entity=ent127
		name=ent127
		type=level
		positionX=13.0
		positionY=-3.0
		positionZ=0.0
		gravityX=0.0
		gravityY=0.0
		gravityZ=0.0
		mass=0.0
		transparent=false
		alpha=1.0
		texture_name=path1
		collidable=true
		size=1.0
		TTL=0
	/Entity


	Entity=ent128
		name=ent128
		type=level
		positionX=11.0
		positionY=-3.0
		positionZ=0.0
		gravityX=0.0
		gravityY=0.0
		gravityZ=0.0
		mass=0.0
		transparent=false
		alpha=1.0
		texture_name=path1
		collidable=true
		size=1.0
		TTL=0
	/Entity


	Entity=ent129
		name=ent129
		type=level
		positionX=9.0
		positionY=-3.0
		positionZ=0.0
		gravityX=0.0
		gravityY=0.0
		gravityZ=0.0
		mass=0.0
		transparent=false
		alpha=1.0
		texture_name=path1
		collidable=true
		size=1.0
		TTL=0
	/Entity


	Entity=ent130
		name=ent130
		type=level
		positionX=7.0
		positionY=-3.0
		positionZ=0.0
		gravityX=0.0
		gravityY=0.0
		gravityZ=0.0
		mass=0.0
		transparent=false
		alpha=1.0
		texture_name=path1
		collidable=true
		size=1.0
		TTL=0
	/Entity


	Entity=ent131
		name=ent131
		type=level
		positionX=5.0
		positionY=-3.0
		positionZ=0.0
		gravityX=0.0
		gravityY=0.0
		gravityZ=0.0
		mass=0.0
		transparent=false
		alpha=1.0
		texture_name=path1
		collidable=true
		size=1.0
		TTL=0
	/Entity


	Entity=ent132
		name=ent132
		type=level
		positionX=3.0
		positionY=-3.0
		positionZ=0.0
		gravityX=0.0
		gravityY=0.0
		gravityZ=0.0
		mass=0.0
		transparent=false
		alpha=1.0
		texture_name=path1
		collidable=true
		size=1.0
		TTL=0
	/Entity


	Entity=ent133
		name=ent133
		type=level
		positionX=1.0
		positionY=-3.0
		positionZ=0.0
		gravityX=0.0
		gravityY=0.0
		gravityZ=0.0
		mass=0.0
		transparent=false
		alpha=1.0
		texture_name=path1
		collidable=true
		size=1.0
		TTL=0
	/Entity


	Entity=ent134
		name=ent134
		type=level
		positionX=-1.0
		positionY=-3.0
		positionZ=0.0
		gravityX=0.0
		gravityY=0.0
		gravityZ=0.0
		mass=0.0
		transparent=false
		alpha=1.0
		texture_name=path1
		collidable=true
		size=1.0
		TTL=0
	/Entity


	Entity=ent135
		name=ent135
		type=level
		positionX=-3.0
		positionY=-3.0
		positionZ=2.0
		gravityX=0.0
		gravityY=0.0
		gravityZ=0.0
		mass=0.0
		transparent=false
		alpha=1.0
		texture_name=grass1
		collidable=true
		size=1.0
		TTL=0
	/Entity


	Entity=ent136
		name=ent136
		type=level
		positionX=-1.0
		positionY=-3.0
		positionZ=2.0
		gravityX=0.0
		gravityY=0.0
		gravityZ=0.0
		mass=0.0
		transparent=false
		alpha=1.0
		texture_name=grass1
		collidable=true
		size=1.0
		TTL=0
	/Entity


	Entity=ent137
		name=ent137
		type=level
		positionX=1.0
		positionY=-3.0
		positionZ=2.0
		gravityX=0.0
		gravityY=0.0
		gravityZ=0.0
		mass=0.0
		transparent=false
		alpha=1.0
		texture_name=grass1
		collidable=true
		size=1.0
		TTL=0
	/Entity


	Entity=ent138
		name=ent138
		type=level
		positionX=3.0
		positionY=-3.0
		positionZ=2.0
		gravityX=0.0
		gravityY=0.0
		gravityZ=0.0
		mass=0.0
		transparent=false
		alpha=1.0
		texture_name=grass1
		collidable=true
		size=1.0
		TTL=0
	/Entity


	Entity=ent139
		name=ent139
		type=level
		positionX=5.0
		positionY=-3.0
		positionZ=2.0
		gravityX=0.0
		gravityY=0.0
		gravityZ=0.0
		mass=0.0
		transparent=false
		alpha=1.0
		texture_name=grass1
		collidable=true
		size=1.0
		TTL=0
	/Entity


	Entity=ent140
		name=ent140
		type=level
		positionX=7.0
		positionY=-3.0
		positionZ=2.0
		gravityX=0.0
		gravityY=0.0
		gravityZ=0.0
		mass=0.0
		transparent=false
		alpha=1.0
		texture_name=grass1
		collidable=true
		size=1.0
		TTL=0
	/Entity


	Entity=ent141
		name=ent141
		type=level
		positionX=9.0
		positionY=-3.0
		positionZ=2.0
		gravityX=0.0
		gravityY=0.0
		gravityZ=0.0
		mass=0.0
		transparent=false
		alpha=1.0
		texture_name=grass1
		collidable=true
		size=1.0
		TTL=0
	/Entity


	Entity=ent142
		name=ent142
		type=level
		positionX=11.0
		positionY=-3.0
		positionZ=2.0
		gravityX=0.0
		gravityY=0.0
		gravityZ=0.0
		mass=0.0
		transparent=false
		alpha=1.0
		texture_name=grass1
		collidable=true
		size=1.0
		TTL=0
	/Entity


	Entity=ent143
		name=ent143
		type=level
		positionX=13.0
		positionY=-3.0
		positionZ=2.0
		gravityX=0.0
		gravityY=0.0
		gravityZ=0.0
		mass=0.0
		transparent=false
		alpha=1.0
		texture_name=grass1
		collidable=true
		size=1.0
		TTL=0
	/Entity


	Entity=ent144
		name=ent144
		type=level
		positionX=15.0
		positionY=-3.0
		positionZ=2.0
		gravityX=0.0
		gravityY=0.0
		gravityZ=0.0
		mass=0.0
		transparent=false
		alpha=1.0
		texture_name=grass1
		collidable=true
		size=1.0
		TTL=0
	/Entity


	Entity=ent145
		name=ent145
		type=level
		positionX=17.0
		positionY=-3.0
		positionZ=2.0
		gravityX=0.0
		gravityY=0.0
		gravityZ=0.0
		mass=0.0
		transparent=false
		alpha=1.0
		texture_name=grass1
		collidable=true
		size=1.0
		TTL=0
	/Entity


	Entity=ent146
		name=ent146
		type=level
		positionX=19.0
		positionY=-3.0
		positionZ=2.0
		gravityX=0.0
		gravityY=0.0
		gravityZ=0.0
		mass=0.0
		transparent=false
		alpha=1.0
		texture_name=grass1
		collidable=true
		size=1.0
		TTL=0
	/Entity


	Entity=ent147
		name=ent147
		type=level
		positionX=21.0
		positionY=-3.0
		positionZ=2.0
		gravityX=0.0
		gravityY=0.0
		gravityZ=0.0
		mass=0.0
		transparent=false
		alpha=1.0
		texture_name=grass1
		collidable=true
		size=1.0
		TTL=0
	/Entity


	Entity=ent148
		name=ent148
		type=level
		positionX=23.0
		positionY=-3.0
		positionZ=2.0
		gravityX=0.0
		gravityY=0.0
		gravityZ=0.0
		mass=0.0
		transparent=false
		alpha=1.0
		texture_name=grass1
		collidable=true
		size=1.0
		TTL=0
	/Entity


	Entity=ent149
		name=ent149
		type=level
		positionX=25.0
		positionY=-3.0
		positionZ=2.0
		gravityX=0.0
		gravityY=0.0
		gravityZ=0.0
		mass=0.0
		transparent=false
		alpha=1.0
		texture_name=grass1
		collidable=true
		size=1.0
		TTL=0
	/Entity


	Entity=ent150
		name=ent150
		type=level
		positionX=27.0
		positionY=-3.0
		positionZ=2.0
		gravityX=0.0
		gravityY=0.0
		gravityZ=0.0
		mass=0.0
		transparent=false
		alpha=1.0
		texture_name=grass1
		collidable=true
		size=1.0
		TTL=0
	/Entity


	Entity=ent151
		name=ent151
		type=level
		positionX=29.0
		positionY=-3.0
		positionZ=2.0
		gravityX=0.0
		gravityY=0.0
		gravityZ=0.0
		mass=0.0
		transparent=false
		alpha=1.0
		texture_name=grass1
		collidable=true
		size=1.0
		TTL=0
	/Entity


	Entity=ent152
		name=ent152
		type=level
		positionX=-3.0
		positionY=-3.0
		positionZ=-2.0
		gravityX=0.0
		gravityY=0.0
		gravityZ=0.0
		mass=0.0
		transparent=false
		alpha=1.0
		texture_name=grass1
		collidable=true
		size=1.0
		TTL=0
	/Entity


	Entity=ent153
		name=ent153
		type=level
		positionX=-3.0
		positionY=-3.0
		positionZ=-2.0
		gravityX=0.0
		gravityY=0.0
		gravityZ=0.0
		mass=0.0
		transparent=false
		alpha=1.0
		texture_name=grass1
		collidable=true
		size=1.0
		TTL=0
	/Entity


	Entity=ent154
		name=ent154
		type=level
		positionX=-1.0
		positionY=-3.0
		positionZ=-2.0
		gravityX=0.0
		gravityY=0.0
		gravityZ=0.0
		mass=0.0
		transparent=false
		alpha=1.0
		texture_name=grass1
		collidable=true
		size=1.0
		TTL=0
	/Entity


	Entity=ent155
		name=ent155
		type=level
		positionX=-1.0
		positionY=-3.0
		positionZ=-2.0
		gravityX=0.0
		gravityY=0.0
		gravityZ=0.0
		mass=0.0
		transparent=false
		alpha=1.0
		texture_name=grass1
		collidable=true
		size=1.0
		TTL=0
	/Entity


	Entity=ent156
		name=ent156
		type=level
		positionX=1.0
		positionY=-3.0
		positionZ=-2.0
		gravityX=0.0
		gravityY=0.0
		gravityZ=0.0
		mass=0.0
		transparent=false
		alpha=1.0
		texture_name=grass1
		collidable=true
		size=1.0
		TTL=0
	/Entity


	Entity=ent157
		name=ent157
		type=level
		positionX=3.0
		positionY=-3.0
		positionZ=-2.0
		gravityX=0.0
		gravityY=0.0
		gravityZ=0.0
		mass=0.0
		transparent=false
		alpha=1.0
		texture_name=grass1
		collidable=true
		size=1.0
		TTL=0
	/Entity


	Entity=ent158
		name=ent158
		type=level
		positionX=5.0
		positionY=-3.0
		positionZ=-2.0
		gravityX=0.0
		gravityY=0.0
		gravityZ=0.0
		mass=0.0
		transparent=false
		alpha=1.0
		texture_name=grass1
		collidable=true
		size=1.0
		TTL=0
	/Entity


	Entity=ent159
		name=ent159
		type=level
		positionX=7.0
		positionY=-3.0
		positionZ=-2.0
		gravityX=0.0
		gravityY=0.0
		gravityZ=0.0
		mass=0.0
		transparent=false
		alpha=1.0
		texture_name=grass1
		collidable=true
		size=1.0
		TTL=0
	/Entity


	Entity=ent160
		name=ent160
		type=level
		positionX=9.0
		positionY=-3.0
		positionZ=-2.0
		gravityX=0.0
		gravityY=0.0
		gravityZ=0.0
		mass=0.0
		transparent=false
		alpha=1.0
		texture_name=grass1
		collidable=true
		size=1.0
		TTL=0
	/Entity


	Entity=ent161
		name=ent161
		type=level
		positionX=11.0
		positionY=-3.0
		positionZ=-2.0
		gravityX=0.0
		gravityY=0.0
		gravityZ=0.0
		mass=0.0
		transparent=false
		alpha=1.0
		texture_name=grass1
		collidable=true
		size=1.0
		TTL=0
	/Entity


	Entity=ent162
		name=ent162
		type=level
		positionX=13.0
		positionY=-3.0
		positionZ=-2.0
		gravityX=0.0
		gravityY=0.0
		gravityZ=0.0
		mass=0.0
		transparent=false
		alpha=1.0
		texture_name=grass1
		collidable=true
		size=1.0
		TTL=0
	/Entity


	Entity=ent163
		name=ent163
		type=level
		positionX=15.0
		positionY=-3.0
		positionZ=-2.0
		gravityX=0.0
		gravityY=0.0
		gravityZ=0.0
		mass=0.0
		transparent=false
		alpha=1.0
		texture_name=grass1
		collidable=true
		size=1.0
		TTL=0
	/Entity


	Entity=ent164
		name=ent164
		type=level
		positionX=17.0
		positionY=-3.0
		positionZ=-2.0
		gravityX=0.0
		gravityY=0.0
		gravityZ=0.0
		mass=0.0
		transparent=false
		alpha=1.0
		texture_name=grass1
		collidable=true
		size=1.0
		TTL=0
	/Entity


	Entity=ent165
		name=ent165
		type=level
		positionX=19.0
		positionY=-3.0
		positionZ=-2.0
		gravityX=0.0
		gravityY=0.0
		gravityZ=0.0
		mass=0.0
		transparent=false
		alpha=1.0
		texture_name=grass1
		collidable=true
		size=1.0
		TTL=0
	/Entity


	Entity=ent166
		name=ent166
		type=level
		positionX=21.0
		positionY=-3.0
		positionZ=-2.0
		gravityX=0.0
		gravityY=0.0
		gravityZ=0.0
		mass=0.0
		transparent=false
		alpha=1.0
		texture_name=grass1
		collidable=true
		size=1.0
		TTL=0
	/Entity


	Entity=ent167
		name=ent167
		type=level
		positionX=23.0
		positionY=-3.0
		positionZ=-2.0
		gravityX=0.0
		gravityY=0.0
		gravityZ=0.0
		mass=0.0
		transparent=false
		alpha=1.0
		texture_name=grass1
		collidable=true
		size=1.0
		TTL=0
	/Entity


	Entity=ent168
		name=ent168
		type=level
		positionX=25.0
		positionY=-3.0
		positionZ=-2.0
		gravityX=0.0
		gravityY=0.0
		gravityZ=0.0
		mass=0.0
		transparent=false
		alpha=1.0
		texture_name=grass1
		collidable=true
		size=1.0
		TTL=0
	/Entity


	Entity=ent169
		name=ent169
		type=level
		positionX=27.0
		positionY=-3.0
		positionZ=-2.0
		gravityX=0.0
		gravityY=0.0
		gravityZ=0.0
		mass=0.0
		transparent=false
		alpha=1.0
		texture_name=grass1
		collidable=true
		size=1.0
		TTL=0
	/Entity


	Entity=ent170
		name=ent170
		type=level
		positionX=29.0
		positionY=-3.0
		positionZ=-2.0
		gravityX=0.0
		gravityY=0.0
		gravityZ=0.0
		mass=0.0
		transparent=false
		alpha=1.0
		texture_name=grass1
		collidable=true
		size=1.0
		TTL=0
	/Entity


	Entity=ent171
		name=ent171
		type=level
		positionX=17.0
		positionY=-3.0
		positionZ=0.0
		gravityX=0.0
		gravityY=0.0
		gravityZ=0.0
		mass=0.0
		transparent=false
		alpha=1.0
		texture_name=path1
		collidable=true
		size=1.0
		TTL=0
	/Entity


	Entity=ent172
		name=ent172
		type=level
		positionX=-3.0
		positionY=-5.0
		positionZ=2.0
		gravityX=0.0
		gravityY=0.0
		gravityZ=0.0
		mass=0.0
		transparent=false
		alpha=1.0
		texture_name=dirt2
		collidable=true
		size=1.0
		TTL=0
	/Entity


	Entity=ent173
		name=ent173
		type=level
		positionX=-3.0
		positionY=-5.0
		positionZ=2.0
		gravityX=0.0
		gravityY=0.0
		gravityZ=0.0
		mass=0.0
		transparent=false
		alpha=1.0
		texture_name=dirt2
		collidable=true
		size=1.0
		TTL=0
	/Entity


	Entity=ent174
		name=ent174
		type=level
		positionX=-1.0
		positionY=-5.0
		positionZ=2.0
		gravityX=0.0
		gravityY=0.0
		gravityZ=0.0
		mass=0.0
		transparent=false
		alpha=1.0
		texture_name=dirt2
		collidable=true
		size=1.0
		TTL=0
	/Entity


	Entity=ent175
		name=ent175
		type=level
		positionX=1.0
		positionY=-5.0
		positionZ=2.0
		gravityX=0.0
		gravityY=0.0
		gravityZ=0.0
		mass=0.0
		transparent=false
		alpha=1.0
		texture_name=dirt2
		collidable=true
		size=1.0
		TTL=0
	/Entity


	Entity=ent176
		name=ent176
		type=level
		positionX=3.0
		positionY=-5.0
		positionZ=2.0
		gravityX=0.0
		gravityY=0.0
		gravityZ=0.0
		mass=0.0
		transparent=false
		alpha=1.0
		texture_name=dirt2
		collidable=true
		size=1.0
		TTL=0
	/Entity


	Entity=ent177
		name=ent177
		type=level
		positionX=5.0
		positionY=-5.0
		positionZ=2.0
		gravityX=0.0
		gravityY=0.0
		gravityZ=0.0
		mass=0.0
		transparent=false
		alpha=1.0
		texture_name=dirt2
		collidable=true
		size=1.0
		TTL=0
	/Entity


	Entity=ent178
		name=ent178
		type=level
		positionX=7.0
		positionY=-5.0
		positionZ=2.0
		gravityX=0.0
		gravityY=0.0
		gravityZ=0.0
		mass=0.0
		transparent=false
		alpha=1.0
		texture_name=dirt2
		collidable=true
		size=1.0
		TTL=0
	/Entity


	Entity=ent179
		name=ent179
		type=level
		positionX=9.0
		positionY=-5.0
		positionZ=2.0
		gravityX=0.0
		gravityY=0.0
		gravityZ=0.0
		mass=0.0
		transparent=false
		alpha=1.0
		texture_name=dirt2
		collidable=true
		size=1.0
		TTL=0
	/Entity


	Entity=ent180
		name=ent180
		type=level
		positionX=11.0
		positionY=-5.0
		positionZ=2.0
		gravityX=0.0
		gravityY=0.0
		gravityZ=0.0
		mass=0.0
		transparent=false
		alpha=1.0
		texture_name=dirt2
		collidable=true
		size=1.0
		TTL=0
	/Entity


	Entity=ent181
		name=ent181
		type=level
		positionX=13.0
		positionY=-5.0
		positionZ=2.0
		gravityX=0.0
		gravityY=0.0
		gravityZ=0.0
		mass=0.0
		transparent=false
		alpha=1.0
		texture_name=dirt2
		collidable=true
		size=1.0
		TTL=0
	/Entity


	Entity=ent182
		name=ent182
		type=level
		positionX=15.0
		positionY=-5.0
		positionZ=2.0
		gravityX=0.0
		gravityY=0.0
		gravityZ=0.0
		mass=0.0
		transparent=false
		alpha=1.0
		texture_name=dirt2
		collidable=true
		size=1.0
		TTL=0
	/Entity


	Entity=ent183
		name=ent183
		type=level
		positionX=17.0
		positionY=-5.0
		positionZ=2.0
		gravityX=0.0
		gravityY=0.0
		gravityZ=0.0
		mass=0.0
		transparent=false
		alpha=1.0
		texture_name=dirt2
		collidable=true
		size=1.0
		TTL=0
	/Entity


	Entity=ent184
		name=ent184
		type=level
		positionX=19.0
		positionY=-5.0
		positionZ=2.0
		gravityX=0.0
		gravityY=0.0
		gravityZ=0.0
		mass=0.0
		transparent=false
		alpha=1.0
		texture_name=dirt2
		collidable=true
		size=1.0
		TTL=0
	/Entity


	Entity=ent185
		name=ent185
		type=level
		positionX=21.0
		positionY=-5.0
		positionZ=2.0
		gravityX=0.0
		gravityY=0.0
		gravityZ=0.0
		mass=0.0
		transparent=false
		alpha=1.0
		texture_name=dirt2
		collidable=true
		size=1.0
		TTL=0
	/Entity


	Entity=ent186
		name=ent186
		type=level
		positionX=23.0
		positionY=-5.0
		positionZ=2.0
		gravityX=0.0
		gravityY=0.0
		gravityZ=0.0
		mass=0.0
		transparent=false
		alpha=1.0
		texture_name=dirt2
		collidable=true
		size=1.0
		TTL=0
	/Entity


	Entity=ent187
		name=ent187
		type=level
		positionX=25.0
		positionY=-5.0
		positionZ=2.0
		gravityX=0.0
		gravityY=0.0
		gravityZ=0.0
		mass=0.0
		transparent=false
		alpha=1.0
		texture_name=dirt2
		collidable=true
		size=1.0
		TTL=0
	/Entity


	Entity=ent188
		name=ent188
		type=level
		positionX=27.0
		positionY=-5.0
		positionZ=2.0
		gravityX=0.0
		gravityY=0.0
		gravityZ=0.0
		mass=0.0
		transparent=false
		alpha=1.0
		texture_name=dirt2
		collidable=true
		size=1.0
		TTL=0
	/Entity


	Entity=ent189
		name=ent189
		type=level
		positionX=29.0
		positionY=-5.0
		positionZ=2.0
		gravityX=0.0
		gravityY=0.0
		gravityZ=0.0
		mass=0.0
		transparent=false
		alpha=1.0
		texture_name=dirt2
		collidable=true
		size=1.0
		TTL=0
	/Entity


	Entity=ent190
		name=ent190
		type=level
		positionX=29.0
		positionY=-5.0
		positionZ=0.0
		gravityX=0.0
		gravityY=0.0
		gravityZ=0.0
		mass=0.0
		transparent=false
		alpha=1.0
		texture_name=dirt2
		collidable=true
		size=1.0
		TTL=0
	/Entity


	Entity=ent191
		name=ent191
		type=level
		positionX=29.0
		positionY=-5.0
		positionZ=-2.0
		gravityX=0.0
		gravityY=0.0
		gravityZ=0.0
		mass=0.0
		transparent=false
		alpha=1.0
		texture_name=dirt2
		collidable=true
		size=1.0
		TTL=0
	/Entity


	Entity=ent192
		name=ent192
		type=level
		positionX=-3.0
		positionY=-5.0
		positionZ=-2.0
		gravityX=0.0
		gravityY=0.0
		gravityZ=0.0
		mass=0.0
		transparent=false
		alpha=1.0
		texture_name=dirt2
		collidable=true
		size=1.0
		TTL=0
	/Entity


	Entity=ent193
		name=ent193
		type=level
		positionX=-3.0
		positionY=-5.0
		positionZ=0.0
		gravityX=0.0
		gravityY=0.0
		gravityZ=0.0
		mass=0.0
		transparent=false
		alpha=1.0
		texture_name=dirt2
		collidable=true
		size=1.0
		TTL=0
	/Entity


	Entity=ent194
		name=ent194
		type=level
		positionX=-3.0
		positionY=-5.0
		positionZ=0.0
		gravityX=0.0
		gravityY=0.0
		gravityZ=0.0
		mass=0.0
		transparent=false
		alpha=1.0
		texture_name=dirt2
		collidable=true
		size=1.0
		TTL=0
	/Entity


	Entity=ent195
		name=ent195
		type=level
		positionX=-3.0
		positionY=-7.0
		positionZ=2.0
		gravityX=0.0
		gravityY=0.0
		gravityZ=0.0
		mass=0.0
		transparent=false
		alpha=1.0
		texture_name=dirt2
		collidable=true
		size=1.0
		TTL=0
	/Entity


	Entity=ent196
		name=ent196
		type=level
		positionX=-1.0
		positionY=-7.0
		positionZ=2.0
		gravityX=0.0
		gravityY=0.0
		gravityZ=0.0
		mass=0.0
		transparent=false
		alpha=1.0
		texture_name=dirt2
		collidable=true
		size=1.0
		TTL=0
	/Entity


	Entity=ent197
		name=ent197
		type=level
		positionX=1.0
		positionY=-7.0
		positionZ=2.0
		gravityX=0.0
		gravityY=0.0
		gravityZ=0.0
		mass=0.0
		transparent=false
		alpha=1.0
		texture_name=dirt2
		collidable=true
		size=1.0
		TTL=0
	/Entity


	Entity=ent198
		name=ent198
		type=level
		positionX=3.0
		positionY=-7.0
		positionZ=2.0
		gravityX=0.0
		gravityY=0.0
		gravityZ=0.0
		mass=0.0
		transparent=false
		alpha=1.0
		texture_name=dirt2
		collidable=true
		size=1.0
		TTL=0
	/Entity


	Entity=ent199
		name=ent199
		type=level
		positionX=5.0
		positionY=-7.0
		positionZ=2.0
		gravityX=0.0
		gravityY=0.0
		gravityZ=0.0
		mass=0.0
		transparent=false
		alpha=1.0
		texture_name=dirt2
		collidable=true
		size=1.0
		TTL=0
	/Entity


	Entity=ent200
		name=ent200
		type=level
		positionX=7.0
		positionY=-7.0
		positionZ=2.0
		gravityX=0.0
		gravityY=0.0
		gravityZ=0.0
		mass=0.0
		transparent=false
		alpha=1.0
		texture_name=dirt2
		collidable=true
		size=1.0
		TTL=0
	/Entity


	Entity=ent201
		name=ent201
		type=level
		positionX=9.0
		positionY=-7.0
		positionZ=2.0
		gravityX=0.0
		gravityY=0.0
		gravityZ=0.0
		mass=0.0
		transparent=false
		alpha=1.0
		texture_name=dirt2
		collidable=true
		size=1.0
		TTL=0
	/Entity


	Entity=ent202
		name=ent202
		type=level
		positionX=11.0
		positionY=-7.0
		positionZ=2.0
		gravityX=0.0
		gravityY=0.0
		gravityZ=0.0
		mass=0.0
		transparent=false
		alpha=1.0
		texture_name=dirt2
		collidable=true
		size=1.0
		TTL=0
	/Entity


	Entity=ent203
		name=ent203
		type=level
		positionX=13.0
		positionY=-7.0
		positionZ=2.0
		gravityX=0.0
		gravityY=0.0
		gravityZ=0.0
		mass=0.0
		transparent=false
		alpha=1.0
		texture_name=dirt2
		collidable=true
		size=1.0
		TTL=0
	/Entity


	Entity=ent204
		name=ent204
		type=level
		positionX=15.0
		positionY=-7.0
		positionZ=2.0
		gravityX=0.0
		gravityY=0.0
		gravityZ=0.0
		mass=0.0
		transparent=false
		alpha=1.0
		texture_name=dirt2
		collidable=true
		size=1.0
		TTL=0
	/Entity


	Entity=ent205
		name=ent205
		type=level
		positionX=17.0
		positionY=-7.0
		positionZ=2.0
		gravityX=0.0
		gravityY=0.0
		gravityZ=0.0
		mass=0.0
		transparent=false
		alpha=1.0
		texture_name=dirt2
		collidable=true
		size=1.0
		TTL=0
	/Entity


	Entity=ent206
		name=ent206
		type=level
		positionX=19.0
		positionY=-7.0
		positionZ=2.0
		gravityX=0.0
		gravityY=0.0
		gravityZ=0.0
		mass=0.0
		transparent=false
		alpha=1.0
		texture_name=dirt2
		collidable=true
		size=1.0
		TTL=0
	/Entity


	Entity=ent207
		name=ent207
		type=level
		positionX=21.0
		positionY=-7.0
		positionZ=2.0
		gravityX=0.0
		gravityY=0.0
		gravityZ=0.0
		mass=0.0
		transparent=false
		alpha=1.0
		texture_name=dirt2
		collidable=true
		size=1.0
		TTL=0
	/Entity


	Entity=ent208
		name=ent208
		type=level
		positionX=23.0
		positionY=-7.0
		positionZ=2.0
		gravityX=0.0
		gravityY=0.0
		gravityZ=0.0
		mass=0.0
		transparent=false
		alpha=1.0
		texture_name=dirt2
		collidable=true
		size=1.0
		TTL=0
	/Entity


	Entity=ent209
		name=ent209
		type=level
		positionX=25.0
		positionY=-7.0
		positionZ=2.0
		gravityX=0.0
		gravityY=0.0
		gravityZ=0.0
		mass=0.0
		transparent=false
		alpha=1.0
		texture_name=dirt2
		collidable=true
		size=1.0
		TTL=0
	/Entity


	Entity=ent210
		name=ent210
		type=level
		positionX=27.0
		positionY=-7.0
		positionZ=2.0
		gravityX=0.0
		gravityY=0.0
		gravityZ=0.0
		mass=0.0
		transparent=false
		alpha=1.0
		texture_name=dirt2
		collidable=true
		size=1.0
		TTL=0
	/Entity


	Entity=ent211
		name=ent211
		type=level
		positionX=29.0
		positionY=-7.0
		positionZ=2.0
		gravityX=0.0
		gravityY=0.0
		gravityZ=0.0
		mass=0.0
		transparent=false
		alpha=1.0
		texture_name=dirt2
		collidable=true
		size=1.0
		TTL=0
	/Entity


	Entity=ent212
		name=ent212
		type=level
		positionX=29.0
		positionY=-7.0
		positionZ=0.0
		gravityX=0.0
		gravityY=0.0
		gravityZ=0.0
		mass=0.0
		transparent=false
		alpha=1.0
		texture_name=dirt2
		collidable=true
		size=1.0
		TTL=0
	/Entity


	Entity=ent213
		name=ent213
		type=level
		positionX=29.0
		positionY=-7.0
		positionZ=-2.0
		gravityX=0.0
		gravityY=0.0
		gravityZ=0.0
		mass=0.0
		transparent=false
		alpha=1.0
		texture_name=dirt2
		collidable=true
		size=1.0
		TTL=0
	/Entity


	Entity=ent214
		name=ent214
		type=level
		positionX=-3.0
		positionY=-7.0
		positionZ=-2.0
		gravityX=0.0
		gravityY=0.0
		gravityZ=0.0
		mass=0.0
		transparent=false
		alpha=1.0
		texture_name=dirt2
		collidable=true
		size=1.0
		TTL=0
	/Entity


	Entity=ent215
		name=ent215
		type=level
		positionX=-3.0
		positionY=-7.0
		positionZ=0.0
		gravityX=0.0
		gravityY=0.0
		gravityZ=0.0
		mass=0.0
		transparent=false
		alpha=1.0
		texture_name=dirt2
		collidable=true
		size=1.0
		TTL=0
	/Entity


	Entity=ent216
		name=ent216
		type=level
		positionX=29.0
		positionY=-3.0
		positionZ=0.0
		gravityX=0.0
		gravityY=0.0
		gravityZ=0.0
		mass=0.0
		transparent=false
		alpha=1.0
		texture_name=grass1
		collidable=true
		size=1.0
		TTL=0
	/Entity


	Entity=ent217
		name=ent217
		type=level
		positionX=-3.0
		positionY=-3.0
		positionZ=0.0
		gravityX=0.0
		gravityY=0.0
		gravityZ=0.0
		mass=0.0
		transparent=false
		alpha=1.0
		texture_name=grass1
		collidable=true
		size=1.0
		TTL=0
	/Entity


	Entity=ent218
		name=ent218
		type=level
		positionX=11.0
		positionY=11.0
		positionZ=0.0
		gravityX=0.0
		gravityY=0.0
		gravityZ=0.0
		mass=0.0
		transparent=false
		alpha=1.0
		texture_name=cube1
		collidable=true
		size=1.0
		TTL=0
	/Entity


	Entity=ent219
		name=ent219
		type=level
		positionX=72.0
		positionY=-11.0
		positionZ=0.0
		gravityX=0.0
		gravityY=0.0
		gravityZ=0.0
		mass=0.0
		transparent=false
		alpha=1.0
		texture_name=brick2
		collidable=true
		size=1.0
		TTL=0
	/Entity


	Entity=ent220
		name=ent220
		type=level
		positionX=72.0
		positionY=-9.0
		positionZ=0.0
		gravityX=0.0
		gravityY=0.0
		gravityZ=0.0
		mass=0.0
		transparent=false
		alpha=1.0
		texture_name=brick2
		collidable=true
		size=1.0
		TTL=0
	/Entity


	Entity=ent221
		name=ent221
		type=level
		positionX=72.0
		positionY=-7.0
		positionZ=0.0
		gravityX=0.0
		gravityY=0.0
		gravityZ=0.0
		mass=0.0
		transparent=false
		alpha=1.0
		texture_name=brick2
		collidable=true
		size=1.0
		TTL=0
	/Entity


	Entity=ent222
		name=ent222
		type=level
		positionX=72.0
		positionY=-5.0
		positionZ=0.0
		gravityX=0.0
		gravityY=0.0
		gravityZ=0.0
		mass=0.0
		transparent=false
		alpha=1.0
		texture_name=brick2
		collidable=true
		size=1.0
		TTL=0
	/Entity


	Entity=ent223
		name=ent223
		type=level
		positionX=72.0
		positionY=-3.0
		positionZ=0.0
		gravityX=0.0
		gravityY=0.0
		gravityZ=0.0
		mass=0.0
		transparent=false
		alpha=1.0
		texture_name=brick2
		collidable=true
		size=1.0
		TTL=0
	/Entity


	Entity=ent224
		name=ent224
		type=level
		positionX=72.0
		positionY=-1.0
		positionZ=0.0
		gravityX=0.0
		gravityY=0.0
		gravityZ=0.0
		mass=0.0
		transparent=false
		alpha=1.0
		texture_name=brick2
		collidable=true
		size=1.0
		TTL=0
	/Entity


	Entity=ent225
		name=ent225
		type=level
		positionX=72.0
		positionY=1.0
		positionZ=0.0
		gravityX=0.0
		gravityY=0.0
		gravityZ=0.0
		mass=0.0
		transparent=false
		alpha=1.0
		texture_name=brick2
		collidable=true
		size=1.0
		TTL=0
	/Entity


	Entity=ent226
		name=ent226
		type=level
		positionX=74.0
		positionY=1.0
		positionZ=0.0
		gravityX=0.0
		gravityY=0.0
		gravityZ=0.0
		mass=0.0
		transparent=false
		alpha=1.0
		texture_name=brick2
		collidable=true
		size=1.0
		TTL=0
	/Entity


	Entity=ent227
		name=ent227
		type=level
		positionX=76.0
		positionY=1.0
		positionZ=0.0
		gravityX=0.0
		gravityY=0.0
		gravityZ=0.0
		mass=0.0
		transparent=false
		alpha=1.0
		texture_name=brick2
		collidable=true
		size=1.0
		TTL=0
	/Entity


	Entity=ent228
		name=ent228
		type=level
		positionX=78.0
		positionY=1.0
		positionZ=0.0
		gravityX=0.0
		gravityY=0.0
		gravityZ=0.0
		mass=0.0
		transparent=false
		alpha=1.0
		texture_name=brick2
		collidable=true
		size=1.0
		TTL=0
	/Entity


	Entity=ent229
		name=ent229
		type=level
		positionX=80.0
		positionY=1.0
		positionZ=0.0
		gravityX=0.0
		gravityY=0.0
		gravityZ=0.0
		mass=0.0
		transparent=false
		alpha=1.0
		texture_name=brick2
		collidable=true
		size=1.0
		TTL=0
	/Entity


	Entity=ent230
		name=ent230
		type=level
		positionX=82.0
		positionY=1.0
		positionZ=0.0
		gravityX=0.0
		gravityY=0.0
		gravityZ=0.0
		mass=0.0
		transparent=false
		alpha=1.0
		texture_name=brick2
		collidable=true
		size=1.0
		TTL=0
	/Entity


	Entity=ent231
		name=ent231
		type=level
		positionX=84.0
		positionY=1.0
		positionZ=0.0
		gravityX=0.0
		gravityY=0.0
		gravityZ=0.0
		mass=0.0
		transparent=false
		alpha=1.0
		texture_name=brick2
		collidable=true
		size=1.0
		TTL=0
	/Entity


	Entity=ent232
		name=ent232
		type=level
		positionX=86.0
		positionY=1.0
		positionZ=0.0
		gravityX=0.0
		gravityY=0.0
		gravityZ=0.0
		mass=0.0
		transparent=false
		alpha=1.0
		texture_name=brick2
		collidable=true
		size=1.0
		TTL=0
	/Entity


	Entity=ent233
		name=ent233
		type=level
		positionX=88.0
		positionY=1.0
		positionZ=0.0
		gravityX=0.0
		gravityY=0.0
		gravityZ=0.0
		mass=0.0
		transparent=false
		alpha=1.0
		texture_name=brick2
		collidable=true
		size=1.0
		TTL=0
	/Entity


	Entity=ent234
		name=ent234
		type=level
		positionX=90.0
		positionY=1.0
		positionZ=0.0
		gravityX=0.0
		gravityY=0.0
		gravityZ=0.0
		mass=0.0
		transparent=false
		alpha=1.0
		texture_name=brick2
		collidable=true
		size=1.0
		TTL=0
	/Entity


	Entity=ent235
		name=ent235
		type=level
		positionX=92.0
		positionY=1.0
		positionZ=0.0
		gravityX=0.0
		gravityY=0.0
		gravityZ=0.0
		mass=0.0
		transparent=false
		alpha=1.0
		texture_name=brick2
		collidable=true
		size=1.0
		TTL=0
	/Entity


	Entity=ent236
		name=ent236
		type=level
		positionX=92.0
		positionY=-1.0
		positionZ=0.0
		gravityX=0.0
		gravityY=0.0
		gravityZ=0.0
		mass=0.0
		transparent=false
		alpha=1.0
		texture_name=brick2
		collidable=true
		size=1.0
		TTL=0
	/Entity


	Entity=ent237
		name=ent237
		type=level
		positionX=92.0
		positionY=-3.0
		positionZ=0.0
		gravityX=0.0
		gravityY=0.0
		gravityZ=0.0
		mass=0.0
		transparent=false
		alpha=1.0
		texture_name=brick2
		collidable=true
		size=1.0
		TTL=0
	/Entity


	Entity=ent238
		name=ent238
		type=level
		positionX=92.0
		positionY=-5.0
		positionZ=0.0
		gravityX=0.0
		gravityY=0.0
		gravityZ=0.0
		mass=0.0
		transparent=false
		alpha=1.0
		texture_name=brick2
		collidable=true
		size=1.0
		TTL=0
	/Entity


	Entity=ent239
		name=ent239
		type=level
		positionX=92.0
		positionY=-7.0
		positionZ=0.0
		gravityX=0.0
		gravityY=0.0
		gravityZ=0.0
		mass=0.0
		transparent=false
		alpha=1.0
		texture_name=brick2
		collidable=true
		size=1.0
		TTL=0
	/Entity


	Entity=ent240
		name=ent240
		type=level
		positionX=92.0
		positionY=-9.0
		positionZ=0.0
		gravityX=0.0
		gravityY=0.0
		gravityZ=0.0
		mass=0.0
		transparent=false
		alpha=1.0
		texture_name=brick2
		collidable=true
		size=1.0
		TTL=0
	/Entity


	Entity=ent241
		name=ent241
		type=level
		positionX=92.0
		positionY=-11.0
		positionZ=0.0
		gravityX=0.0
		gravityY=0.0
		gravityZ=0.0
		mass=0.0
		transparent=false
		alpha=1.0
		texture_name=brick2
		collidable=true
		size=1.0
		TTL=0
	/Entity


	Entity=ent242
		name=ent242
		type=level
		positionX=103.0
		positionY=1.0
		positionZ=0.0
		gravityX=0.0
		gravityY=0.0
		gravityZ=0.0
		mass=0.0
		transparent=false
		alpha=1.0
		texture_name=brick2
		collidable=true
		size=1.0
		TTL=0
	/Entity


	Entity=ent243
		name=ent243
		type=level
		positionX=103.0
		positionY=-1.0
		positionZ=0.0
		gravityX=0.0
		gravityY=0.0
		gravityZ=0.0
		mass=0.0
		transparent=false
		alpha=1.0
		texture_name=brick2
		collidable=true
		size=1.0
		TTL=0
	/Entity


	Entity=ent244
		name=ent244
		type=level
		positionX=103.0
		positionY=-3.0
		positionZ=0.0
		gravityX=0.0
		gravityY=0.0
		gravityZ=0.0
		mass=0.0
		transparent=false
		alpha=1.0
		texture_name=brick2
		collidable=true
		size=1.0
		TTL=0
	/Entity


	Entity=ent245
		name=ent245
		type=level
		positionX=103.0
		positionY=-5.0
		positionZ=0.0
		gravityX=0.0
		gravityY=0.0
		gravityZ=0.0
		mass=0.0
		transparent=false
		alpha=1.0
		texture_name=brick2
		collidable=true
		size=1.0
		TTL=0
	/Entity


	Entity=ent246
		name=ent246
		type=level
		positionX=103.0
		positionY=-7.0
		positionZ=0.0
		gravityX=0.0
		gravityY=0.0
		gravityZ=0.0
		mass=0.0
		transparent=false
		alpha=1.0
		texture_name=brick2
		collidable=true
		size=1.0
		TTL=0
	/Entity


	Entity=ent247
		name=ent247
		type=level
		positionX=103.0
		positionY=-11.0
		positionZ=0.0
		gravityX=0.0
		gravityY=0.0
		gravityZ=0.0
		mass=0.0
		transparent=false
		alpha=1.0
		texture_name=brick2
		collidable=true
		size=1.0
		TTL=0
	/Entity


	Entity=ent248
		name=ent248
		type=level
		positionX=103.0
		positionY=-9.0
		positionZ=0.0
		gravityX=0.0
		gravityY=0.0
		gravityZ=0.0
		mass=0.0
		transparent=false
		alpha=1.0
		texture_name=brick2
		collidable=true
		size=1.0
		TTL=0
	/Entity


	Entity=ent249
		name=ent249
		type=level
		positionX=114.0
		positionY=-1.0
		positionZ=0.0
		gravityX=0.0
		gravityY=0.0
		gravityZ=0.0
		mass=0.0
		transparent=false
		alpha=1.0
		texture_name=brick2
		collidable=true
		size=1.0
		TTL=0
	/Entity


	Entity=ent250
		name=ent250
		type=level
		positionX=114.0
		positionY=1.0
		positionZ=0.0
		gravityX=0.0
		gravityY=0.0
		gravityZ=0.0
		mass=0.0
		transparent=false
		alpha=1.0
		texture_name=brick2
		collidable=true
		size=1.0
		TTL=0
	/Entity


	Entity=ent251
		name=ent251
		type=level
		positionX=114.0
		positionY=-3.0
		positionZ=0.0
		gravityX=0.0
		gravityY=0.0
		gravityZ=0.0
		mass=0.0
		transparent=false
		alpha=1.0
		texture_name=brick2
		collidable=true
		size=1.0
		TTL=0
	/Entity


	Entity=ent252
		name=ent252
		type=level
		positionX=114.0
		positionY=-5.0
		positionZ=0.0
		gravityX=0.0
		gravityY=0.0
		gravityZ=0.0
		mass=0.0
		transparent=false
		alpha=1.0
		texture_name=brick2
		collidable=true
		size=1.0
		TTL=0
	/Entity


	Entity=ent253
		name=ent253
		type=level
		positionX=114.0
		positionY=-7.0
		positionZ=0.0
		gravityX=0.0
		gravityY=0.0
		gravityZ=0.0
		mass=0.0
		transparent=false
		alpha=1.0
		texture_name=brick2
		collidable=true
		size=1.0
		TTL=0
	/Entity


	Entity=ent254
		name=ent254
		type=level
		positionX=114.0
		positionY=-9.0
		positionZ=0.0
		gravityX=0.0
		gravityY=0.0
		gravityZ=0.0
		mass=0.0
		transparent=false
		alpha=1.0
		texture_name=brick2
		collidable=true
		size=1.0
		TTL=0
	/Entity


	Entity=ent255
		name=ent255
		type=level
		positionX=114.0
		positionY=-11.0
		positionZ=0.0
		gravityX=0.0
		gravityY=0.0
		gravityZ=0.0
		mass=0.0
		transparent=false
		alpha=1.0
		texture_name=brick2
		collidable=true
		size=1.0
		TTL=0
	/Entity


	Entity=ent256
		name=ent256
		type=level
		positionX=116.0
		positionY=1.0
		positionZ=0.0
		gravityX=0.0
		gravityY=0.0
		gravityZ=0.0
		mass=0.0
		transparent=false
		alpha=1.0
		texture_name=brick2
		collidable=true
		size=1.0
		TTL=0
	/Entity


	Entity=ent257
		name=ent257
		type=level
		positionX=118.0
		positionY=1.0
		positionZ=0.0
		gravityX=0.0
		gravityY=0.0
		gravityZ=0.0
		mass=0.0
		transparent=false
		alpha=1.0
		texture_name=brick2
		collidable=true
		size=1.0
		TTL=0
	/Entity


	Entity=ent258
		name=ent258
		type=level
		positionX=120.0
		positionY=1.0
		positionZ=0.0
		gravityX=0.0
		gravityY=0.0
		gravityZ=0.0
		mass=0.0
		transparent=false
		alpha=1.0
		texture_name=brick2
		collidable=true
		size=1.0
		TTL=0
	/Entity


	Entity=ent259
		name=ent259
		type=level
		positionX=122.0
		positionY=1.0
		positionZ=0.0
		gravityX=0.0
		gravityY=0.0
		gravityZ=0.0
		mass=0.0
		transparent=false
		alpha=1.0
		texture_name=brick2
		collidable=true
		size=1.0
		TTL=0
	/Entity


	Entity=ent260
		name=ent260
		type=level
		positionX=124.0
		positionY=1.0
		positionZ=0.0
		gravityX=0.0
		gravityY=0.0
		gravityZ=0.0
		mass=0.0
		transparent=false
		alpha=1.0
		texture_name=brick2
		collidable=true
		size=1.0
		TTL=0
	/Entity


	Entity=ent261
		name=ent261
		type=level
		positionX=126.0
		positionY=1.0
		positionZ=0.0
		gravityX=0.0
		gravityY=0.0
		gravityZ=0.0
		mass=0.0
		transparent=false
		alpha=1.0
		texture_name=brick2
		collidable=true
		size=1.0
		TTL=0
	/Entity


	Entity=ent262
		name=ent262
		type=level
		positionX=128.0
		positionY=1.0
		positionZ=0.0
		gravityX=0.0
		gravityY=0.0
		gravityZ=0.0
		mass=0.0
		transparent=false
		alpha=1.0
		texture_name=brick2
		collidable=true
		size=1.0
		TTL=0
	/Entity


	Entity=ent263
		name=ent263
		type=level
		positionX=130.0
		positionY=1.0
		positionZ=0.0
		gravityX=0.0
		gravityY=0.0
		gravityZ=0.0
		mass=0.0
		transparent=false
		alpha=1.0
		texture_name=brick2
		collidable=true
		size=1.0
		TTL=0
	/Entity


	Entity=ent264
		name=ent264
		type=level
		positionX=132.0
		positionY=1.0
		positionZ=0.0
		gravityX=0.0
		gravityY=0.0
		gravityZ=0.0
		mass=0.0
		transparent=false
		alpha=1.0
		texture_name=brick2
		collidable=true
		size=1.0
		TTL=0
	/Entity


	Entity=ent265
		name=ent265
		type=level
		positionX=19.0
		positionY=8.0
		positionZ=0.0
		gravityX=0.0
		gravityY=0.0
		gravityZ=0.0
		mass=0.0
		transparent=true
		alpha=0.5
		texture_name=grass_border1
		collidable=true
		size=1.0
		TTL=0
	/Entity


/level
