header
	T;group;dirt2;lib/Textures/dirt2.png
	T;ground;dirt1;lib/Textures/dirt1.png
	T;group;path1;lib/Textures/path1.PNG
	T;ground;grass1;lib/Textures/grass1.png
	T;brick;brick1;lib/Textures/brick1.png
	T;brick;brick2;lib/Textures/brick2.png
	T;border;grass_border1;lib/Textures/grass_border1.png
	T;ground;cube1;lib/Textures/cube1.png
/header

level
	Entity=ent0
		type=null
		positionX=19.0
		positionY=-3.0
		positionZ=0.0
		gravityX=0.0
		gravityY=0.0
		gravityZ=0.0
		mass=0.0
		transparent=false
		alpha=1.0
		texture_name=brick1
		collidable=true
		size=1.0
		TTL=0
	/Entity

	Entity=ent1
		type=null
		positionX=21.0
		positionY=-3.0
		positionZ=0.0
		gravityX=0.0
		gravityY=0.0
		gravityZ=0.0
		mass=0.0
		transparent=false
		alpha=1.0
		texture_name=brick1
		collidable=true
		size=1.0
		TTL=0
	/Entity

	Entity=ent2
		type=null
		positionX=23.0
		positionY=-3.0
		positionZ=0.0
		gravityX=0.0
		gravityY=0.0
		gravityZ=0.0
		mass=0.0
		transparent=false
		alpha=1.0
		texture_name=brick1
		collidable=true
		size=1.0
		TTL=0
	/Entity

	Entity=ent3
		type=null
		positionX=25.0
		positionY=-3.0
		positionZ=0.0
		gravityX=0.0
		gravityY=0.0
		gravityZ=0.0
		mass=0.0
		transparent=false
		alpha=1.0
		texture_name=brick1
		collidable=true
		size=1.0
		TTL=0
	/Entity

	Entity=ent4
		type=null
		positionX=27.0
		positionY=-3.0
		positionZ=0.0
		gravityX=0.0
		gravityY=0.0
		gravityZ=0.0
		mass=0.0
		transparent=false
		alpha=1.0
		texture_name=brick1
		collidable=true
		size=1.0
		TTL=0
	/Entity

	Entity=ent5
		type=null
		positionX=19.0
		positionY=-1.0
		positionZ=0.0
		gravityX=0.0
		gravityY=0.0
		gravityZ=0.0
		mass=0.0
		transparent=false
		alpha=1.0
		texture_name=brick1
		collidable=true
		size=1.0
		TTL=0
	/Entity

	Entity=ent6
		type=null
		positionX=21.0
		positionY=-1.0
		positionZ=0.0
		gravityX=0.0
		gravityY=0.0
		gravityZ=0.0
		mass=0.0
		transparent=false
		alpha=1.0
		texture_name=brick1
		collidable=true
		size=1.0
		TTL=0
	/Entity

	Entity=ent7
		type=null
		positionX=23.0
		positionY=-1.0
		positionZ=0.0
		gravityX=0.0
		gravityY=0.0
		gravityZ=0.0
		mass=0.0
		transparent=false
		alpha=1.0
		texture_name=brick1
		collidable=true
		size=1.0
		TTL=0
	/Entity

	Entity=ent8
		type=null
		positionX=25.0
		positionY=-1.0
		positionZ=0.0
		gravityX=0.0
		gravityY=0.0
		gravityZ=0.0
		mass=0.0
		transparent=false
		alpha=1.0
		texture_name=brick1
		collidable=true
		size=1.0
		TTL=0
	/Entity

	Entity=ent9
		type=null
		positionX=21.0
		positionY=1.0
		positionZ=0.0
		gravityX=0.0
		gravityY=0.0
		gravityZ=0.0
		mass=0.0
		transparent=false
		alpha=1.0
		texture_name=brick1
		collidable=true
		size=1.0
		TTL=0
	/Entity

	Entity=ent10
		type=null
		positionX=23.0
		positionY=1.0
		positionZ=0.0
		gravityX=0.0
		gravityY=0.0
		gravityZ=0.0
		mass=0.0
		transparent=false
		alpha=1.0
		texture_name=brick1
		collidable=true
		size=1.0
		TTL=0
	/Entity

	Entity=ent11
		type=null
		positionX=25.0
		positionY=1.0
		positionZ=0.0
		gravityX=0.0
		gravityY=0.0
		gravityZ=0.0
		mass=0.0
		transparent=false
		alpha=1.0
		texture_name=brick1
		collidable=true
		size=1.0
		TTL=0
	/Entity

	Entity=ent12
		type=null
		positionX=27.0
		positionY=-1.0
		positionZ=0.0
		gravityX=0.0
		gravityY=0.0
		gravityZ=0.0
		mass=0.0
		transparent=false
		alpha=1.0
		texture_name=brick1
		collidable=true
		size=1.0
		TTL=0
	/Entity

	Entity=ent13
		type=null
		positionX=23.0
		positionY=3.0
		positionZ=0.0
		gravityX=0.0
		gravityY=0.0
		gravityZ=0.0
		mass=0.0
		transparent=false
		alpha=1.0
		texture_name=brick1
		collidable=true
		size=1.0
		TTL=0
	/Entity

	Entity=ent14
		type=null
		positionX=5.0
		positionY=15.0
		positionZ=-10.0
		gravityX=0.0
		gravityY=0.0
		gravityZ=0.0
		mass=0.0
		transparent=false
		alpha=1.0
		texture_name=cube1
		collidable=true
		size=1.0
		TTL=0
	/Entity

	Entity=ent15
		type=null
		positionX=33.0
		positionY=21.0
		positionZ=-10.0
		gravityX=0.0
		gravityY=0.0
		gravityZ=0.0
		mass=0.0
		transparent=false
		alpha=1.0
		texture_name=cube1
		collidable=true
		size=1.0
		TTL=0
	/Entity

	Entity=ent16
		type=null
		positionX=33.0
		positionY=21.0
		positionZ=-10.0
		gravityX=0.0
		gravityY=0.0
		gravityZ=0.0
		mass=0.0
		transparent=false
		alpha=1.0
		texture_name=cube1
		collidable=true
		size=1.0
		TTL=0
	/Entity

	Entity=ent17
		type=null
		positionX=8.0
		positionY=15.0
		positionZ=14.0
		gravityX=0.0
		gravityY=0.0
		gravityZ=0.0
		mass=0.0
		transparent=false
		alpha=1.0
		texture_name=cube1
		collidable=true
		size=1.0
		TTL=0
	/Entity

	Entity=ent18
		type=null
		positionX=17.0
		positionY=13.0
		positionZ=14.0
		gravityX=0.0
		gravityY=0.0
		gravityZ=0.0
		mass=0.0
		transparent=false
		alpha=1.0
		texture_name=cube1
		collidable=true
		size=1.0
		TTL=0
	/Entity

	Entity=ent19
		type=null
		positionX=11.0
		positionY=18.0
		positionZ=14.0
		gravityX=0.0
		gravityY=0.0
		gravityZ=0.0
		mass=0.0
		transparent=false
		alpha=1.0
		texture_name=cube1
		collidable=true
		size=1.0
		TTL=0
	/Entity

	Entity=ent20
		type=null
		positionX=23.0
		positionY=16.0
		positionZ=5.0
		gravityX=0.0
		gravityY=0.0
		gravityZ=0.0
		mass=0.0
		transparent=false
		alpha=1.0
		texture_name=cube1
		collidable=true
		size=1.0
		TTL=0
	/Entity

	Entity=ent21
		type=null
		positionX=0.0
		positionY=20.0
		positionZ=1.0
		gravityX=0.0
		gravityY=0.0
		gravityZ=0.0
		mass=0.0
		transparent=false
		alpha=1.0
		texture_name=cube1
		collidable=true
		size=1.0
		TTL=0
	/Entity

	Entity=ent22
		type=null
		positionX=32.0
		positionY=24.0
		positionZ=0.0
		gravityX=0.0
		gravityY=0.0
		gravityZ=0.0
		mass=0.0
		transparent=false
		alpha=1.0
		texture_name=cube1
		collidable=true
		size=1.0
		TTL=0
	/Entity

	Entity=ent23
		type=null
		positionX=15.0
		positionY=23.0
		positionZ=0.0
		gravityX=0.0
		gravityY=0.0
		gravityZ=0.0
		mass=0.0
		transparent=false
		alpha=1.0
		texture_name=cube1
		collidable=true
		size=1.0
		TTL=0
	/Entity

	Entity=ent24
		type=null
		positionX=41.0
		positionY=-7.0
		positionZ=0.0
		gravityX=0.0
		gravityY=0.0
		gravityZ=0.0
		mass=0.0
		transparent=false
		alpha=1.0
		texture_name=dirt2
		collidable=true
		size=1.0
		TTL=0
	/Entity

	Entity=ent25
		type=null
		positionX=41.0
		positionY=-9.0
		positionZ=0.0
		gravityX=0.0
		gravityY=0.0
		gravityZ=0.0
		mass=0.0
		transparent=false
		alpha=1.0
		texture_name=dirt2
		collidable=true
		size=1.0
		TTL=0
	/Entity

	Entity=ent26
		type=null
		positionX=41.0
		positionY=-11.0
		positionZ=0.0
		gravityX=0.0
		gravityY=0.0
		gravityZ=0.0
		mass=0.0
		transparent=false
		alpha=1.0
		texture_name=dirt2
		collidable=true
		size=1.0
		TTL=0
	/Entity

	Entity=ent27
		type=null
		positionX=43.0
		positionY=-11.0
		positionZ=0.0
		gravityX=0.0
		gravityY=0.0
		gravityZ=0.0
		mass=0.0
		transparent=false
		alpha=1.0
		texture_name=dirt2
		collidable=true
		size=1.0
		TTL=0
	/Entity

	Entity=ent28
		type=null
		positionX=43.0
		positionY=-9.0
		positionZ=0.0
		gravityX=0.0
		gravityY=0.0
		gravityZ=0.0
		mass=0.0
		transparent=false
		alpha=1.0
		texture_name=dirt2
		collidable=true
		size=1.0
		TTL=0
	/Entity

	Entity=ent29
		type=null
		positionX=43.0
		positionY=-7.0
		positionZ=0.0
		gravityX=0.0
		gravityY=0.0
		gravityZ=0.0
		mass=0.0
		transparent=false
		alpha=1.0
		texture_name=dirt2
		collidable=true
		size=1.0
		TTL=0
	/Entity

	Entity=ent30
		type=null
		positionX=43.0
		positionY=-5.0
		positionZ=0.0
		gravityX=0.0
		gravityY=0.0
		gravityZ=0.0
		mass=0.0
		transparent=false
		alpha=1.0
		texture_name=dirt2
		collidable=true
		size=1.0
		TTL=0
	/Entity

	Entity=ent31
		type=null
		positionX=45.0
		positionY=-3.0
		positionZ=0.0
		gravityX=0.0
		gravityY=0.0
		gravityZ=0.0
		mass=0.0
		transparent=false
		alpha=1.0
		texture_name=dirt2
		collidable=true
		size=1.0
		TTL=0
	/Entity

	Entity=ent32
		type=null
		positionX=45.0
		positionY=-5.0
		positionZ=0.0
		gravityX=0.0
		gravityY=0.0
		gravityZ=0.0
		mass=0.0
		transparent=false
		alpha=1.0
		texture_name=dirt2
		collidable=true
		size=1.0
		TTL=0
	/Entity

	Entity=ent33
		type=null
		positionX=45.0
		positionY=-7.0
		positionZ=0.0
		gravityX=0.0
		gravityY=0.0
		gravityZ=0.0
		mass=0.0
		transparent=false
		alpha=1.0
		texture_name=dirt2
		collidable=true
		size=1.0
		TTL=0
	/Entity

	Entity=ent34
		type=null
		positionX=45.0
		positionY=-9.0
		positionZ=0.0
		gravityX=0.0
		gravityY=0.0
		gravityZ=0.0
		mass=0.0
		transparent=false
		alpha=1.0
		texture_name=dirt2
		collidable=true
		size=1.0
		TTL=0
	/Entity

	Entity=ent35
		type=null
		positionX=45.0
		positionY=-11.0
		positionZ=0.0
		gravityX=0.0
		gravityY=0.0
		gravityZ=0.0
		mass=0.0
		transparent=false
		alpha=1.0
		texture_name=dirt2
		collidable=true
		size=1.0
		TTL=0
	/Entity

	Entity=ent36
		type=null
		positionX=47.0
		positionY=-11.0
		positionZ=0.0
		gravityX=0.0
		gravityY=0.0
		gravityZ=0.0
		mass=0.0
		transparent=false
		alpha=1.0
		texture_name=dirt2
		collidable=true
		size=1.0
		TTL=0
	/Entity

	Entity=ent37
		type=null
		positionX=47.0
		positionY=-9.0
		positionZ=0.0
		gravityX=0.0
		gravityY=0.0
		gravityZ=0.0
		mass=0.0
		transparent=false
		alpha=1.0
		texture_name=dirt2
		collidable=true
		size=1.0
		TTL=0
	/Entity

	Entity=ent38
		type=null
		positionX=47.0
		positionY=-7.0
		positionZ=0.0
		gravityX=0.0
		gravityY=0.0
		gravityZ=0.0
		mass=0.0
		transparent=false
		alpha=1.0
		texture_name=dirt2
		collidable=true
		size=1.0
		TTL=0
	/Entity

	Entity=ent39
		type=null
		positionX=47.0
		positionY=-5.0
		positionZ=0.0
		gravityX=0.0
		gravityY=0.0
		gravityZ=0.0
		mass=0.0
		transparent=false
		alpha=1.0
		texture_name=dirt2
		collidable=true
		size=1.0
		TTL=0
	/Entity

	Entity=ent40
		type=null
		positionX=47.0
		positionY=-3.0
		positionZ=0.0
		gravityX=0.0
		gravityY=0.0
		gravityZ=0.0
		mass=0.0
		transparent=false
		alpha=1.0
		texture_name=dirt2
		collidable=true
		size=1.0
		TTL=0
	/Entity

	Entity=ent41
		type=null
		positionX=47.0
		positionY=-1.0
		positionZ=0.0
		gravityX=0.0
		gravityY=0.0
		gravityZ=0.0
		mass=0.0
		transparent=false
		alpha=1.0
		texture_name=dirt2
		collidable=true
		size=1.0
		TTL=0
	/Entity

	Entity=ent42
		type=null
		positionX=41.0
		positionY=-5.0
		positionZ=0.0
		gravityX=0.0
		gravityY=0.0
		gravityZ=0.0
		mass=0.0
		transparent=false
		alpha=1.0
		texture_name=dirt2
		collidable=true
		size=1.0
		TTL=0
	/Entity

	Entity=ent43
		type=null
		positionX=43.0
		positionY=-3.0
		positionZ=0.0
		gravityX=0.0
		gravityY=0.0
		gravityZ=0.0
		mass=0.0
		transparent=false
		alpha=1.0
		texture_name=dirt2
		collidable=true
		size=1.0
		TTL=0
	/Entity

	Entity=ent44
		type=null
		positionX=45.0
		positionY=-1.0
		positionZ=0.0
		gravityX=0.0
		gravityY=0.0
		gravityZ=0.0
		mass=0.0
		transparent=false
		alpha=1.0
		texture_name=dirt2
		collidable=true
		size=1.0
		TTL=0
	/Entity

	Entity=ent45
		type=null
		positionX=47.0
		positionY=1.0
		positionZ=0.0
		gravityX=0.0
		gravityY=0.0
		gravityZ=0.0
		mass=0.0
		transparent=false
		alpha=1.0
		texture_name=dirt2
		collidable=true
		size=1.0
		TTL=0
	/Entity

	Entity=ent46
		type=null
		positionX=49.0
		positionY=1.0
		positionZ=0.0
		gravityX=0.0
		gravityY=0.0
		gravityZ=0.0
		mass=0.0
		transparent=false
		alpha=1.0
		texture_name=dirt2
		collidable=true
		size=1.0
		TTL=0
	/Entity

	Entity=ent47
		type=null
		positionX=51.0
		positionY=1.0
		positionZ=0.0
		gravityX=0.0
		gravityY=0.0
		gravityZ=0.0
		mass=0.0
		transparent=false
		alpha=1.0
		texture_name=dirt2
		collidable=true
		size=1.0
		TTL=0
	/Entity

	Entity=ent48
		type=null
		positionX=53.0
		positionY=1.0
		positionZ=0.0
		gravityX=0.0
		gravityY=0.0
		gravityZ=0.0
		mass=0.0
		transparent=false
		alpha=1.0
		texture_name=dirt2
		collidable=true
		size=1.0
		TTL=0
	/Entity

	Entity=ent49
		type=null
		positionX=55.0
		positionY=1.0
		positionZ=0.0
		gravityX=0.0
		gravityY=0.0
		gravityZ=0.0
		mass=0.0
		transparent=false
		alpha=1.0
		texture_name=dirt2
		collidable=true
		size=1.0
		TTL=0
	/Entity

	Entity=ent50
		type=null
		positionX=57.0
		positionY=1.0
		positionZ=0.0
		gravityX=0.0
		gravityY=0.0
		gravityZ=0.0
		mass=0.0
		transparent=false
		alpha=1.0
		texture_name=dirt2
		collidable=true
		size=1.0
		TTL=0
	/Entity

	Entity=ent51
		type=null
		positionX=59.0
		positionY=1.0
		positionZ=0.0
		gravityX=0.0
		gravityY=0.0
		gravityZ=0.0
		mass=0.0
		transparent=false
		alpha=1.0
		texture_name=dirt2
		collidable=true
		size=1.0
		TTL=0
	/Entity

	Entity=ent52
		type=null
		positionX=59.0
		positionY=1.0
		positionZ=0.0
		gravityX=0.0
		gravityY=0.0
		gravityZ=0.0
		mass=0.0
		transparent=false
		alpha=1.0
		texture_name=dirt2
		collidable=true
		size=1.0
		TTL=0
	/Entity

	Entity=ent53
		type=null
		positionX=61.0
		positionY=1.0
		positionZ=0.0
		gravityX=0.0
		gravityY=0.0
		gravityZ=0.0
		mass=0.0
		transparent=false
		alpha=1.0
		texture_name=dirt2
		collidable=true
		size=1.0
		TTL=0
	/Entity

	Entity=ent54
		type=null
		positionX=49.0
		positionY=-1.0
		positionZ=0.0
		gravityX=0.0
		gravityY=0.0
		gravityZ=0.0
		mass=0.0
		transparent=false
		alpha=1.0
		texture_name=dirt2
		collidable=true
		size=1.0
		TTL=0
	/Entity

	Entity=ent55
		type=null
		positionX=51.0
		positionY=-1.0
		positionZ=0.0
		gravityX=0.0
		gravityY=0.0
		gravityZ=0.0
		mass=0.0
		transparent=false
		alpha=1.0
		texture_name=dirt2
		collidable=true
		size=1.0
		TTL=0
	/Entity

	Entity=ent56
		type=null
		positionX=53.0
		positionY=-1.0
		positionZ=0.0
		gravityX=0.0
		gravityY=0.0
		gravityZ=0.0
		mass=0.0
		transparent=false
		alpha=1.0
		texture_name=dirt2
		collidable=true
		size=1.0
		TTL=0
	/Entity

	Entity=ent57
		type=null
		positionX=55.0
		positionY=-1.0
		positionZ=0.0
		gravityX=0.0
		gravityY=0.0
		gravityZ=0.0
		mass=0.0
		transparent=false
		alpha=1.0
		texture_name=dirt2
		collidable=true
		size=1.0
		TTL=0
	/Entity

	Entity=ent58
		type=null
		positionX=57.0
		positionY=-1.0
		positionZ=0.0
		gravityX=0.0
		gravityY=0.0
		gravityZ=0.0
		mass=0.0
		transparent=false
		alpha=1.0
		texture_name=dirt2
		collidable=true
		size=1.0
		TTL=0
	/Entity

	Entity=ent59
		type=null
		positionX=59.0
		positionY=-1.0
		positionZ=0.0
		gravityX=0.0
		gravityY=0.0
		gravityZ=0.0
		mass=0.0
		transparent=false
		alpha=1.0
		texture_name=dirt2
		collidable=true
		size=1.0
		TTL=0
	/Entity

	Entity=ent60
		type=null
		positionX=61.0
		positionY=-1.0
		positionZ=0.0
		gravityX=0.0
		gravityY=0.0
		gravityZ=0.0
		mass=0.0
		transparent=false
		alpha=1.0
		texture_name=dirt2
		collidable=true
		size=1.0
		TTL=0
	/Entity

	Entity=ent61
		type=null
		positionX=49.0
		positionY=-3.0
		positionZ=0.0
		gravityX=0.0
		gravityY=0.0
		gravityZ=0.0
		mass=0.0
		transparent=false
		alpha=1.0
		texture_name=dirt2
		collidable=true
		size=1.0
		TTL=0
	/Entity

	Entity=ent62
		type=null
		positionX=49.0
		positionY=-5.0
		positionZ=0.0
		gravityX=0.0
		gravityY=0.0
		gravityZ=0.0
		mass=0.0
		transparent=false
		alpha=1.0
		texture_name=dirt2
		collidable=true
		size=1.0
		TTL=0
	/Entity

	Entity=ent63
		type=null
		positionX=49.0
		positionY=-7.0
		positionZ=0.0
		gravityX=0.0
		gravityY=0.0
		gravityZ=0.0
		mass=0.0
		transparent=false
		alpha=1.0
		texture_name=dirt2
		collidable=true
		size=1.0
		TTL=0
	/Entity

	Entity=ent64
		type=null
		positionX=49.0
		positionY=-9.0
		positionZ=0.0
		gravityX=0.0
		gravityY=0.0
		gravityZ=0.0
		mass=0.0
		transparent=false
		alpha=1.0
		texture_name=dirt2
		collidable=true
		size=1.0
		TTL=0
	/Entity

	Entity=ent65
		type=null
		positionX=49.0
		positionY=-11.0
		positionZ=0.0
		gravityX=0.0
		gravityY=0.0
		gravityZ=0.0
		mass=0.0
		transparent=false
		alpha=1.0
		texture_name=dirt2
		collidable=true
		size=1.0
		TTL=0
	/Entity

	Entity=ent66
		type=null
		positionX=51.0
		positionY=-11.0
		positionZ=0.0
		gravityX=0.0
		gravityY=0.0
		gravityZ=0.0
		mass=0.0
		transparent=false
		alpha=1.0
		texture_name=dirt2
		collidable=true
		size=1.0
		TTL=0
	/Entity

	Entity=ent67
		type=null
		positionX=51.0
		positionY=-9.0
		positionZ=0.0
		gravityX=0.0
		gravityY=0.0
		gravityZ=0.0
		mass=0.0
		transparent=false
		alpha=1.0
		texture_name=dirt2
		collidable=true
		size=1.0
		TTL=0
	/Entity

	Entity=ent68
		type=null
		positionX=51.0
		positionY=-7.0
		positionZ=0.0
		gravityX=0.0
		gravityY=0.0
		gravityZ=0.0
		mass=0.0
		transparent=false
		alpha=1.0
		texture_name=dirt2
		collidable=true
		size=1.0
		TTL=0
	/Entity

	Entity=ent69
		type=null
		positionX=51.0
		positionY=-5.0
		positionZ=0.0
		gravityX=0.0
		gravityY=0.0
		gravityZ=0.0
		mass=0.0
		transparent=false
		alpha=1.0
		texture_name=dirt2
		collidable=true
		size=1.0
		TTL=0
	/Entity

	Entity=ent70
		type=null
		positionX=51.0
		positionY=-3.0
		positionZ=0.0
		gravityX=0.0
		gravityY=0.0
		gravityZ=0.0
		mass=0.0
		transparent=false
		alpha=1.0
		texture_name=dirt2
		collidable=true
		size=1.0
		TTL=0
	/Entity

	Entity=ent71
		type=null
		positionX=53.0
		positionY=-3.0
		positionZ=0.0
		gravityX=0.0
		gravityY=0.0
		gravityZ=0.0
		mass=0.0
		transparent=false
		alpha=1.0
		texture_name=dirt2
		collidable=true
		size=1.0
		TTL=0
	/Entity

	Entity=ent72
		type=null
		positionX=53.0
		positionY=-5.0
		positionZ=0.0
		gravityX=0.0
		gravityY=0.0
		gravityZ=0.0
		mass=0.0
		transparent=false
		alpha=1.0
		texture_name=dirt2
		collidable=true
		size=1.0
		TTL=0
	/Entity

	Entity=ent73
		type=null
		positionX=53.0
		positionY=-7.0
		positionZ=0.0
		gravityX=0.0
		gravityY=0.0
		gravityZ=0.0
		mass=0.0
		transparent=false
		alpha=1.0
		texture_name=dirt2
		collidable=true
		size=1.0
		TTL=0
	/Entity

	Entity=ent74
		type=null
		positionX=53.0
		positionY=-9.0
		positionZ=0.0
		gravityX=0.0
		gravityY=0.0
		gravityZ=0.0
		mass=0.0
		transparent=false
		alpha=1.0
		texture_name=dirt2
		collidable=true
		size=1.0
		TTL=0
	/Entity

	Entity=ent75
		type=null
		positionX=53.0
		positionY=-11.0
		positionZ=0.0
		gravityX=0.0
		gravityY=0.0
		gravityZ=0.0
		mass=0.0
		transparent=false
		alpha=1.0
		texture_name=dirt2
		collidable=true
		size=1.0
		TTL=0
	/Entity

	Entity=ent76
		type=null
		positionX=55.0
		positionY=-11.0
		positionZ=0.0
		gravityX=0.0
		gravityY=0.0
		gravityZ=0.0
		mass=0.0
		transparent=false
		alpha=1.0
		texture_name=dirt2
		collidable=true
		size=1.0
		TTL=0
	/Entity

	Entity=ent77
		type=null
		positionX=55.0
		positionY=-9.0
		positionZ=0.0
		gravityX=0.0
		gravityY=0.0
		gravityZ=0.0
		mass=0.0
		transparent=false
		alpha=1.0
		texture_name=dirt2
		collidable=true
		size=1.0
		TTL=0
	/Entity

	Entity=ent78
		type=null
		positionX=55.0
		positionY=-7.0
		positionZ=0.0
		gravityX=0.0
		gravityY=0.0
		gravityZ=0.0
		mass=0.0
		transparent=false
		alpha=1.0
		texture_name=dirt2
		collidable=true
		size=1.0
		TTL=0
	/Entity

	Entity=ent79
		type=null
		positionX=55.0
		positionY=-9.0
		positionZ=0.0
		gravityX=0.0
		gravityY=0.0
		gravityZ=0.0
		mass=0.0
		transparent=false
		alpha=1.0
		texture_name=dirt2
		collidable=true
		size=1.0
		TTL=0
	/Entity

	Entity=ent80
		type=null
		positionX=55.0
		positionY=-5.0
		positionZ=0.0
		gravityX=0.0
		gravityY=0.0
		gravityZ=0.0
		mass=0.0
		transparent=false
		alpha=1.0
		texture_name=dirt2
		collidable=true
		size=1.0
		TTL=0
	/Entity

	Entity=ent81
		type=null
		positionX=55.0
		positionY=-3.0
		positionZ=0.0
		gravityX=0.0
		gravityY=0.0
		gravityZ=0.0
		mass=0.0
		transparent=false
		alpha=1.0
		texture_name=dirt2
		collidable=true
		size=1.0
		TTL=0
	/Entity

	Entity=ent82
		type=null
		positionX=57.0
		positionY=-3.0
		positionZ=0.0
		gravityX=0.0
		gravityY=0.0
		gravityZ=0.0
		mass=0.0
		transparent=false
		alpha=1.0
		texture_name=dirt2
		collidable=true
		size=1.0
		TTL=0
	/Entity

	Entity=ent83
		type=null
		positionX=57.0
		positionY=-5.0
		positionZ=0.0
		gravityX=0.0
		gravityY=0.0
		gravityZ=0.0
		mass=0.0
		transparent=false
		alpha=1.0
		texture_name=dirt2
		collidable=true
		size=1.0
		TTL=0
	/Entity

	Entity=ent84
		type=null
		positionX=57.0
		positionY=-7.0
		positionZ=0.0
		gravityX=0.0
		gravityY=0.0
		gravityZ=0.0
		mass=0.0
		transparent=false
		alpha=1.0
		texture_name=dirt2
		collidable=true
		size=1.0
		TTL=0
	/Entity

	Entity=ent85
		type=null
		positionX=57.0
		positionY=-9.0
		positionZ=0.0
		gravityX=0.0
		gravityY=0.0
		gravityZ=0.0
		mass=0.0
		transparent=false
		alpha=1.0
		texture_name=dirt2
		collidable=true
		size=1.0
		TTL=0
	/Entity

	Entity=ent86
		type=null
		positionX=57.0
		positionY=-11.0
		positionZ=0.0
		gravityX=0.0
		gravityY=0.0
		gravityZ=0.0
		mass=0.0
		transparent=false
		alpha=1.0
		texture_name=dirt2
		collidable=true
		size=1.0
		TTL=0
	/Entity

	Entity=ent87
		type=null
		positionX=59.0
		positionY=-11.0
		positionZ=0.0
		gravityX=0.0
		gravityY=0.0
		gravityZ=0.0
		mass=0.0
		transparent=false
		alpha=1.0
		texture_name=dirt2
		collidable=true
		size=1.0
		TTL=0
	/Entity

	Entity=ent88
		type=null
		positionX=59.0
		positionY=-9.0
		positionZ=0.0
		gravityX=0.0
		gravityY=0.0
		gravityZ=0.0
		mass=0.0
		transparent=false
		alpha=1.0
		texture_name=dirt2
		collidable=true
		size=1.0
		TTL=0
	/Entity

	Entity=ent89
		type=null
		positionX=59.0
		positionY=-7.0
		positionZ=0.0
		gravityX=0.0
		gravityY=0.0
		gravityZ=0.0
		mass=0.0
		transparent=false
		alpha=1.0
		texture_name=dirt2
		collidable=true
		size=1.0
		TTL=0
	/Entity

	Entity=ent90
		type=null
		positionX=59.0
		positionY=-5.0
		positionZ=0.0
		gravityX=0.0
		gravityY=0.0
		gravityZ=0.0
		mass=0.0
		transparent=false
		alpha=1.0
		texture_name=dirt2
		collidable=true
		size=1.0
		TTL=0
	/Entity

	Entity=ent91
		type=null
		positionX=59.0
		positionY=-3.0
		positionZ=0.0
		gravityX=0.0
		gravityY=0.0
		gravityZ=0.0
		mass=0.0
		transparent=false
		alpha=1.0
		texture_name=dirt2
		collidable=true
		size=1.0
		TTL=0
	/Entity

	Entity=ent92
		type=null
		positionX=61.0
		positionY=-3.0
		positionZ=0.0
		gravityX=0.0
		gravityY=0.0
		gravityZ=0.0
		mass=0.0
		transparent=false
		alpha=1.0
		texture_name=dirt2
		collidable=true
		size=1.0
		TTL=0
	/Entity

	Entity=ent93
		type=null
		positionX=61.0
		positionY=-5.0
		positionZ=0.0
		gravityX=0.0
		gravityY=0.0
		gravityZ=0.0
		mass=0.0
		transparent=false
		alpha=1.0
		texture_name=dirt2
		collidable=true
		size=1.0
		TTL=0
	/Entity

	Entity=ent94
		type=null
		positionX=61.0
		positionY=-7.0
		positionZ=0.0
		gravityX=0.0
		gravityY=0.0
		gravityZ=0.0
		mass=0.0
		transparent=false
		alpha=1.0
		texture_name=dirt2
		collidable=true
		size=1.0
		TTL=0
	/Entity

	Entity=ent95
		type=null
		positionX=61.0
		positionY=-9.0
		positionZ=0.0
		gravityX=0.0
		gravityY=0.0
		gravityZ=0.0
		mass=0.0
		transparent=false
		alpha=1.0
		texture_name=dirt2
		collidable=true
		size=1.0
		TTL=0
	/Entity

	Entity=ent96
		type=null
		positionX=61.0
		positionY=-9.0
		positionZ=0.0
		gravityX=0.0
		gravityY=0.0
		gravityZ=0.0
		mass=0.0
		transparent=false
		alpha=1.0
		texture_name=dirt2
		collidable=true
		size=1.0
		TTL=0
	/Entity

	Entity=ent97
		type=null
		positionX=61.0
		positionY=-11.0
		positionZ=0.0
		gravityX=0.0
		gravityY=0.0
		gravityZ=0.0
		mass=0.0
		transparent=false
		alpha=1.0
		texture_name=dirt2
		collidable=true
		size=1.0
		TTL=0
	/Entity

	Entity=ent98
		type=null
		positionX=41.0
		positionY=-5.0
		positionZ=0.0
		gravityX=0.0
		gravityY=0.0
		gravityZ=0.0
		mass=0.0
		transparent=false
		alpha=1.0
		texture_name=brick2
		collidable=true
		size=1.0
		TTL=0
	/Entity

	Entity=ent99
		type=null
		positionX=43.0
		positionY=-5.0
		positionZ=0.0
		gravityX=0.0
		gravityY=0.0
		gravityZ=0.0
		mass=0.0
		transparent=false
		alpha=1.0
		texture_name=brick2
		collidable=true
		size=1.0
		TTL=0
	/Entity

	Entity=ent100
		type=null
		positionX=43.0
		positionY=-3.0
		positionZ=0.0
		gravityX=0.0
		gravityY=0.0
		gravityZ=0.0
		mass=0.0
		transparent=false
		alpha=1.0
		texture_name=brick2
		collidable=true
		size=1.0
		TTL=0
	/Entity

	Entity=ent101
		type=null
		positionX=45.0
		positionY=-3.0
		positionZ=0.0
		gravityX=0.0
		gravityY=0.0
		gravityZ=0.0
		mass=0.0
		transparent=false
		alpha=1.0
		texture_name=brick2
		collidable=true
		size=1.0
		TTL=0
	/Entity

	Entity=ent102
		type=null
		positionX=45.0
		positionY=-1.0
		positionZ=0.0
		gravityX=0.0
		gravityY=0.0
		gravityZ=0.0
		mass=0.0
		transparent=false
		alpha=1.0
		texture_name=brick2
		collidable=true
		size=1.0
		TTL=0
	/Entity

	Entity=ent103
		type=null
		positionX=47.0
		positionY=1.0
		positionZ=0.0
		gravityX=0.0
		gravityY=0.0
		gravityZ=0.0
		mass=0.0
		transparent=false
		alpha=1.0
		texture_name=brick2
		collidable=true
		size=1.0
		TTL=0
	/Entity

	Entity=ent104
		type=null
		positionX=47.0
		positionY=-1.0
		positionZ=0.0
		gravityX=0.0
		gravityY=0.0
		gravityZ=0.0
		mass=0.0
		transparent=false
		alpha=1.0
		texture_name=brick2
		collidable=true
		size=1.0
		TTL=0
	/Entity

	Entity=ent105
		type=null
		positionX=49.0
		positionY=1.0
		positionZ=0.0
		gravityX=0.0
		gravityY=0.0
		gravityZ=0.0
		mass=0.0
		transparent=false
		alpha=1.0
		texture_name=brick2
		collidable=true
		size=1.0
		TTL=0
	/Entity

	Entity=ent106
		type=null
		positionX=51.0
		positionY=1.0
		positionZ=0.0
		gravityX=0.0
		gravityY=0.0
		gravityZ=0.0
		mass=0.0
		transparent=false
		alpha=1.0
		texture_name=brick2
		collidable=true
		size=1.0
		TTL=0
	/Entity

	Entity=ent107
		type=null
		positionX=53.0
		positionY=1.0
		positionZ=0.0
		gravityX=0.0
		gravityY=0.0
		gravityZ=0.0
		mass=0.0
		transparent=false
		alpha=1.0
		texture_name=brick2
		collidable=true
		size=1.0
		TTL=0
	/Entity

	Entity=ent108
		type=null
		positionX=55.0
		positionY=1.0
		positionZ=0.0
		gravityX=0.0
		gravityY=0.0
		gravityZ=0.0
		mass=0.0
		transparent=false
		alpha=1.0
		texture_name=brick2
		collidable=true
		size=1.0
		TTL=0
	/Entity

	Entity=ent109
		type=null
		positionX=57.0
		positionY=1.0
		positionZ=0.0
		gravityX=0.0
		gravityY=0.0
		gravityZ=0.0
		mass=0.0
		transparent=false
		alpha=1.0
		texture_name=brick2
		collidable=true
		size=1.0
		TTL=0
	/Entity

	Entity=ent110
		type=null
		positionX=59.0
		positionY=1.0
		positionZ=0.0
		gravityX=0.0
		gravityY=0.0
		gravityZ=0.0
		mass=0.0
		transparent=false
		alpha=1.0
		texture_name=brick2
		collidable=true
		size=1.0
		TTL=0
	/Entity

	Entity=ent111
		type=null
		positionX=61.0
		positionY=1.0
		positionZ=0.0
		gravityX=0.0
		gravityY=0.0
		gravityZ=0.0
		mass=0.0
		transparent=false
		alpha=1.0
		texture_name=brick2
		collidable=true
		size=1.0
		TTL=0
	/Entity

	Entity=ent112
		type=null
		positionX=41.0
		positionY=-7.0
		positionZ=0.0
		gravityX=0.0
		gravityY=0.0
		gravityZ=0.0
		mass=0.0
		transparent=false
		alpha=1.0
		texture_name=brick2
		collidable=true
		size=1.0
		TTL=0
	/Entity

	Entity=ent113
		type=null
		positionX=41.0
		positionY=-9.0
		positionZ=0.0
		gravityX=0.0
		gravityY=0.0
		gravityZ=0.0
		mass=0.0
		transparent=false
		alpha=1.0
		texture_name=brick2
		collidable=true
		size=1.0
		TTL=0
	/Entity

	Entity=ent114
		type=null
		positionX=41.0
		positionY=-11.0
		positionZ=0.0
		gravityX=0.0
		gravityY=0.0
		gravityZ=0.0
		mass=0.0
		transparent=false
		alpha=1.0
		texture_name=brick2
		collidable=true
		size=1.0
		TTL=0
	/Entity

	Entity=ent115
		type=null
		positionX=55.0
		positionY=3.0
		positionZ=0.0
		gravityX=0.0
		gravityY=0.0
		gravityZ=0.0
		mass=0.0
		transparent=false
		alpha=1.0
		texture_name=brick2
		collidable=true
		size=1.0
		TTL=0
	/Entity

	Entity=ent116
		type=null
		positionX=57.0
		positionY=3.0
		positionZ=0.0
		gravityX=0.0
		gravityY=0.0
		gravityZ=0.0
		mass=0.0
		transparent=false
		alpha=1.0
		texture_name=brick2
		collidable=true
		size=1.0
		TTL=0
	/Entity

	Entity=ent117
		type=null
		positionX=59.0
		positionY=3.0
		positionZ=0.0
		gravityX=0.0
		gravityY=0.0
		gravityZ=0.0
		mass=0.0
		transparent=false
		alpha=1.0
		texture_name=brick2
		collidable=true
		size=1.0
		TTL=0
	/Entity

	Entity=ent118
		type=null
		positionX=57.0
		positionY=5.0
		positionZ=0.0
		gravityX=0.0
		gravityY=0.0
		gravityZ=0.0
		mass=0.0
		transparent=false
		alpha=1.0
		texture_name=brick2
		collidable=true
		size=1.0
		TTL=0
	/Entity

	Entity=ent119
		type=null
		positionX=61.0
		positionY=-1.0
		positionZ=0.0
		gravityX=0.0
		gravityY=0.0
		gravityZ=0.0
		mass=0.0
		transparent=false
		alpha=1.0
		texture_name=brick2
		collidable=true
		size=1.0
		TTL=0
	/Entity

	Entity=ent120
		type=null
		positionX=61.0
		positionY=-3.0
		positionZ=0.0
		gravityX=0.0
		gravityY=0.0
		gravityZ=0.0
		mass=0.0
		transparent=false
		alpha=1.0
		texture_name=brick2
		collidable=true
		size=1.0
		TTL=0
	/Entity

	Entity=ent121
		type=null
		positionX=61.0
		positionY=-5.0
		positionZ=0.0
		gravityX=0.0
		gravityY=0.0
		gravityZ=0.0
		mass=0.0
		transparent=false
		alpha=1.0
		texture_name=brick2
		collidable=true
		size=1.0
		TTL=0
	/Entity

	Entity=ent122
		type=null
		positionX=61.0
		positionY=-7.0
		positionZ=0.0
		gravityX=0.0
		gravityY=0.0
		gravityZ=0.0
		mass=0.0
		transparent=false
		alpha=1.0
		texture_name=brick2
		collidable=true
		size=1.0
		TTL=0
	/Entity

	Entity=ent123
		type=null
		positionX=61.0
		positionY=-9.0
		positionZ=0.0
		gravityX=0.0
		gravityY=0.0
		gravityZ=0.0
		mass=0.0
		transparent=false
		alpha=1.0
		texture_name=brick2
		collidable=true
		size=1.0
		TTL=0
	/Entity

	Entity=ent124
		type=null
		positionX=61.0
		positionY=-11.0
		positionZ=0.0
		gravityX=0.0
		gravityY=0.0
		gravityZ=0.0
		mass=0.0
		transparent=false
		alpha=1.0
		texture_name=brick2
		collidable=true
		size=1.0
		TTL=0
	/Entity

	Entity=ent125
		type=null
		positionX=61.0
		positionY=-11.0
		positionZ=0.0
		gravityX=0.0
		gravityY=0.0
		gravityZ=0.0
		mass=0.0
		transparent=false
		alpha=1.0
		texture_name=brick2
		collidable=true
		size=1.0
		TTL=0
	/Entity

	Entity=ent126
		type=null
		positionX=15.0
		positionY=-3.0
		positionZ=0.0
		gravityX=0.0
		gravityY=0.0
		gravityZ=0.0
		mass=0.0
		transparent=false
		alpha=1.0
		texture_name=path1
		collidable=true
		size=1.0
		TTL=0
	/Entity

	Entity=ent127
		type=null
		positionX=13.0
		positionY=-3.0
		positionZ=0.0
		gravityX=0.0
		gravityY=0.0
		gravityZ=0.0
		mass=0.0
		transparent=false
		alpha=1.0
		texture_name=path1
		collidable=true
		size=1.0
		TTL=0
	/Entity

	Entity=ent128
		type=null
		positionX=11.0
		positionY=-3.0
		positionZ=0.0
		gravityX=0.0
		gravityY=0.0
		gravityZ=0.0
		mass=0.0
		transparent=false
		alpha=1.0
		texture_name=path1
		collidable=true
		size=1.0
		TTL=0
	/Entity

	Entity=ent129
		type=null
		positionX=9.0
		positionY=-3.0
		positionZ=0.0
		gravityX=0.0
		gravityY=0.0
		gravityZ=0.0
		mass=0.0
		transparent=false
		alpha=1.0
		texture_name=path1
		collidable=true
		size=1.0
		TTL=0
	/Entity

	Entity=ent130
		type=null
		positionX=7.0
		positionY=-3.0
		positionZ=0.0
		gravityX=0.0
		gravityY=0.0
		gravityZ=0.0
		mass=0.0
		transparent=false
		alpha=1.0
		texture_name=path1
		collidable=true
		size=1.0
		TTL=0
	/Entity

	Entity=ent131
		type=null
		positionX=5.0
		positionY=-3.0
		positionZ=0.0
		gravityX=0.0
		gravityY=0.0
		gravityZ=0.0
		mass=0.0
		transparent=false
		alpha=1.0
		texture_name=path1
		collidable=true
		size=1.0
		TTL=0
	/Entity

	Entity=ent132
		type=null
		positionX=3.0
		positionY=-3.0
		positionZ=0.0
		gravityX=0.0
		gravityY=0.0
		gravityZ=0.0
		mass=0.0
		transparent=false
		alpha=1.0
		texture_name=path1
		collidable=true
		size=1.0
		TTL=0
	/Entity

	Entity=ent133
		type=null
		positionX=1.0
		positionY=-3.0
		positionZ=0.0
		gravityX=0.0
		gravityY=0.0
		gravityZ=0.0
		mass=0.0
		transparent=false
		alpha=1.0
		texture_name=path1
		collidable=true
		size=1.0
		TTL=0
	/Entity

	Entity=ent134
		type=null
		positionX=-1.0
		positionY=-3.0
		positionZ=0.0
		gravityX=0.0
		gravityY=0.0
		gravityZ=0.0
		mass=0.0
		transparent=false
		alpha=1.0
		texture_name=path1
		collidable=true
		size=1.0
		TTL=0
	/Entity

	Entity=ent135
		type=null
		positionX=-3.0
		positionY=-3.0
		positionZ=2.0
		gravityX=0.0
		gravityY=0.0
		gravityZ=0.0
		mass=0.0
		transparent=false
		alpha=1.0
		texture_name=grass1
		collidable=true
		size=1.0
		TTL=0
	/Entity

	Entity=ent136
		type=null
		positionX=-1.0
		positionY=-3.0
		positionZ=2.0
		gravityX=0.0
		gravityY=0.0
		gravityZ=0.0
		mass=0.0
		transparent=false
		alpha=1.0
		texture_name=grass1
		collidable=true
		size=1.0
		TTL=0
	/Entity

	Entity=ent137
		type=null
		positionX=1.0
		positionY=-3.0
		positionZ=2.0
		gravityX=0.0
		gravityY=0.0
		gravityZ=0.0
		mass=0.0
		transparent=false
		alpha=1.0
		texture_name=grass1
		collidable=true
		size=1.0
		TTL=0
	/Entity

	Entity=ent138
		type=null
		positionX=3.0
		positionY=-3.0
		positionZ=2.0
		gravityX=0.0
		gravityY=0.0
		gravityZ=0.0
		mass=0.0
		transparent=false
		alpha=1.0
		texture_name=grass1
		collidable=true
		size=1.0
		TTL=0
	/Entity

	Entity=ent139
		type=null
		positionX=5.0
		positionY=-3.0
		positionZ=2.0
		gravityX=0.0
		gravityY=0.0
		gravityZ=0.0
		mass=0.0
		transparent=false
		alpha=1.0
		texture_name=grass1
		collidable=true
		size=1.0
		TTL=0
	/Entity

	Entity=ent140
		type=null
		positionX=7.0
		positionY=-3.0
		positionZ=2.0
		gravityX=0.0
		gravityY=0.0
		gravityZ=0.0
		mass=0.0
		transparent=false
		alpha=1.0
		texture_name=grass1
		collidable=true
		size=1.0
		TTL=0
	/Entity

	Entity=ent141
		type=null
		positionX=9.0
		positionY=-3.0
		positionZ=2.0
		gravityX=0.0
		gravityY=0.0
		gravityZ=0.0
		mass=0.0
		transparent=false
		alpha=1.0
		texture_name=grass1
		collidable=true
		size=1.0
		TTL=0
	/Entity

	Entity=ent142
		type=null
		positionX=11.0
		positionY=-3.0
		positionZ=2.0
		gravityX=0.0
		gravityY=0.0
		gravityZ=0.0
		mass=0.0
		transparent=false
		alpha=1.0
		texture_name=grass1
		collidable=true
		size=1.0
		TTL=0
	/Entity

	Entity=ent143
		type=null
		positionX=13.0
		positionY=-3.0
		positionZ=2.0
		gravityX=0.0
		gravityY=0.0
		gravityZ=0.0
		mass=0.0
		transparent=false
		alpha=1.0
		texture_name=grass1
		collidable=true
		size=1.0
		TTL=0
	/Entity

	Entity=ent144
		type=null
		positionX=15.0
		positionY=-3.0
		positionZ=2.0
		gravityX=0.0
		gravityY=0.0
		gravityZ=0.0
		mass=0.0
		transparent=false
		alpha=1.0
		texture_name=grass1
		collidable=true
		size=1.0
		TTL=0
	/Entity

	Entity=ent145
		type=null
		positionX=17.0
		positionY=-3.0
		positionZ=2.0
		gravityX=0.0
		gravityY=0.0
		gravityZ=0.0
		mass=0.0
		transparent=false
		alpha=1.0
		texture_name=grass1
		collidable=true
		size=1.0
		TTL=0
	/Entity

	Entity=ent146
		type=null
		positionX=19.0
		positionY=-3.0
		positionZ=2.0
		gravityX=0.0
		gravityY=0.0
		gravityZ=0.0
		mass=0.0
		transparent=false
		alpha=1.0
		texture_name=grass1
		collidable=true
		size=1.0
		TTL=0
	/Entity

	Entity=ent147
		type=null
		positionX=21.0
		positionY=-3.0
		positionZ=2.0
		gravityX=0.0
		gravityY=0.0
		gravityZ=0.0
		mass=0.0
		transparent=false
		alpha=1.0
		texture_name=grass1
		collidable=true
		size=1.0
		TTL=0
	/Entity

	Entity=ent148
		type=null
		positionX=23.0
		positionY=-3.0
		positionZ=2.0
		gravityX=0.0
		gravityY=0.0
		gravityZ=0.0
		mass=0.0
		transparent=false
		alpha=1.0
		texture_name=grass1
		collidable=true
		size=1.0
		TTL=0
	/Entity

	Entity=ent149
		type=null
		positionX=25.0
		positionY=-3.0
		positionZ=2.0
		gravityX=0.0
		gravityY=0.0
		gravityZ=0.0
		mass=0.0
		transparent=false
		alpha=1.0
		texture_name=grass1
		collidable=true
		size=1.0
		TTL=0
	/Entity

	Entity=ent150
		type=null
		positionX=27.0
		positionY=-3.0
		positionZ=2.0
		gravityX=0.0
		gravityY=0.0
		gravityZ=0.0
		mass=0.0
		transparent=false
		alpha=1.0
		texture_name=grass1
		collidable=true
		size=1.0
		TTL=0
	/Entity

	Entity=ent151
		type=null
		positionX=29.0
		positionY=-3.0
		positionZ=2.0
		gravityX=0.0
		gravityY=0.0
		gravityZ=0.0
		mass=0.0
		transparent=false
		alpha=1.0
		texture_name=grass1
		collidable=true
		size=1.0
		TTL=0
	/Entity

	Entity=ent152
		type=null
		positionX=-3.0
		positionY=-3.0
		positionZ=-2.0
		gravityX=0.0
		gravityY=0.0
		gravityZ=0.0
		mass=0.0
		transparent=false
		alpha=1.0
		texture_name=grass1
		collidable=true
		size=1.0
		TTL=0
	/Entity

	Entity=ent153
		type=null
		positionX=-3.0
		positionY=-3.0
		positionZ=-2.0
		gravityX=0.0
		gravityY=0.0
		gravityZ=0.0
		mass=0.0
		transparent=false
		alpha=1.0
		texture_name=grass1
		collidable=true
		size=1.0
		TTL=0
	/Entity

	Entity=ent154
		type=null
		positionX=-1.0
		positionY=-3.0
		positionZ=-2.0
		gravityX=0.0
		gravityY=0.0
		gravityZ=0.0
		mass=0.0
		transparent=false
		alpha=1.0
		texture_name=grass1
		collidable=true
		size=1.0
		TTL=0
	/Entity

	Entity=ent155
		type=null
		positionX=-1.0
		positionY=-3.0
		positionZ=-2.0
		gravityX=0.0
		gravityY=0.0
		gravityZ=0.0
		mass=0.0
		transparent=false
		alpha=1.0
		texture_name=grass1
		collidable=true
		size=1.0
		TTL=0
	/Entity

	Entity=ent156
		type=null
		positionX=1.0
		positionY=-3.0
		positionZ=-2.0
		gravityX=0.0
		gravityY=0.0
		gravityZ=0.0
		mass=0.0
		transparent=false
		alpha=1.0
		texture_name=grass1
		collidable=true
		size=1.0
		TTL=0
	/Entity

	Entity=ent157
		type=null
		positionX=3.0
		positionY=-3.0
		positionZ=-2.0
		gravityX=0.0
		gravityY=0.0
		gravityZ=0.0
		mass=0.0
		transparent=false
		alpha=1.0
		texture_name=grass1
		collidable=true
		size=1.0
		TTL=0
	/Entity

	Entity=ent158
		type=null
		positionX=5.0
		positionY=-3.0
		positionZ=-2.0
		gravityX=0.0
		gravityY=0.0
		gravityZ=0.0
		mass=0.0
		transparent=false
		alpha=1.0
		texture_name=grass1
		collidable=true
		size=1.0
		TTL=0
	/Entity

	Entity=ent159
		type=null
		positionX=7.0
		positionY=-3.0
		positionZ=-2.0
		gravityX=0.0
		gravityY=0.0
		gravityZ=0.0
		mass=0.0
		transparent=false
		alpha=1.0
		texture_name=grass1
		collidable=true
		size=1.0
		TTL=0
	/Entity

	Entity=ent160
		type=null
		positionX=9.0
		positionY=-3.0
		positionZ=-2.0
		gravityX=0.0
		gravityY=0.0
		gravityZ=0.0
		mass=0.0
		transparent=false
		alpha=1.0
		texture_name=grass1
		collidable=true
		size=1.0
		TTL=0
	/Entity

	Entity=ent161
		type=null
		positionX=11.0
		positionY=-3.0
		positionZ=-2.0
		gravityX=0.0
		gravityY=0.0
		gravityZ=0.0
		mass=0.0
		transparent=false
		alpha=1.0
		texture_name=grass1
		collidable=true
		size=1.0
		TTL=0
	/Entity

	Entity=ent162
		type=null
		positionX=13.0
		positionY=-3.0
		positionZ=-2.0
		gravityX=0.0
		gravityY=0.0
		gravityZ=0.0
		mass=0.0
		transparent=false
		alpha=1.0
		texture_name=grass1
		collidable=true
		size=1.0
		TTL=0
	/Entity

	Entity=ent163
		type=null
		positionX=15.0
		positionY=-3.0
		positionZ=-2.0
		gravityX=0.0
		gravityY=0.0
		gravityZ=0.0
		mass=0.0
		transparent=false
		alpha=1.0
		texture_name=grass1
		collidable=true
		size=1.0
		TTL=0
	/Entity

	Entity=ent164
		type=null
		positionX=17.0
		positionY=-3.0
		positionZ=-2.0
		gravityX=0.0
		gravityY=0.0
		gravityZ=0.0
		mass=0.0
		transparent=false
		alpha=1.0
		texture_name=grass1
		collidable=true
		size=1.0
		TTL=0
	/Entity

	Entity=ent165
		type=null
		positionX=19.0
		positionY=-3.0
		positionZ=-2.0
		gravityX=0.0
		gravityY=0.0
		gravityZ=0.0
		mass=0.0
		transparent=false
		alpha=1.0
		texture_name=grass1
		collidable=true
		size=1.0
		TTL=0
	/Entity

	Entity=ent166
		type=null
		positionX=21.0
		positionY=-3.0
		positionZ=-2.0
		gravityX=0.0
		gravityY=0.0
		gravityZ=0.0
		mass=0.0
		transparent=false
		alpha=1.0
		texture_name=grass1
		collidable=true
		size=1.0
		TTL=0
	/Entity

	Entity=ent167
		type=null
		positionX=23.0
		positionY=-3.0
		positionZ=-2.0
		gravityX=0.0
		gravityY=0.0
		gravityZ=0.0
		mass=0.0
		transparent=false
		alpha=1.0
		texture_name=grass1
		collidable=true
		size=1.0
		TTL=0
	/Entity

	Entity=ent168
		type=null
		positionX=25.0
		positionY=-3.0
		positionZ=-2.0
		gravityX=0.0
		gravityY=0.0
		gravityZ=0.0
		mass=0.0
		transparent=false
		alpha=1.0
		texture_name=grass1
		collidable=true
		size=1.0
		TTL=0
	/Entity

	Entity=ent169
		type=null
		positionX=27.0
		positionY=-3.0
		positionZ=-2.0
		gravityX=0.0
		gravityY=0.0
		gravityZ=0.0
		mass=0.0
		transparent=false
		alpha=1.0
		texture_name=grass1
		collidable=true
		size=1.0
		TTL=0
	/Entity

	Entity=ent170
		type=null
		positionX=29.0
		positionY=-3.0
		positionZ=-2.0
		gravityX=0.0
		gravityY=0.0
		gravityZ=0.0
		mass=0.0
		transparent=false
		alpha=1.0
		texture_name=grass1
		collidable=true
		size=1.0
		TTL=0
	/Entity

	Entity=ent171
		type=null
		positionX=17.0
		positionY=-3.0
		positionZ=0.0
		gravityX=0.0
		gravityY=0.0
		gravityZ=0.0
		mass=0.0
		transparent=false
		alpha=1.0
		texture_name=path1
		collidable=true
		size=1.0
		TTL=0
	/Entity

	Entity=ent172
		type=null
		positionX=-3.0
		positionY=-5.0
		positionZ=2.0
		gravityX=0.0
		gravityY=0.0
		gravityZ=0.0
		mass=0.0
		transparent=false
		alpha=1.0
		texture_name=dirt2
		collidable=true
		size=1.0
		TTL=0
	/Entity

	Entity=ent173
		type=null
		positionX=-3.0
		positionY=-5.0
		positionZ=2.0
		gravityX=0.0
		gravityY=0.0
		gravityZ=0.0
		mass=0.0
		transparent=false
		alpha=1.0
		texture_name=dirt2
		collidable=true
		size=1.0
		TTL=0
	/Entity

	Entity=ent174
		type=null
		positionX=-1.0
		positionY=-5.0
		positionZ=2.0
		gravityX=0.0
		gravityY=0.0
		gravityZ=0.0
		mass=0.0
		transparent=false
		alpha=1.0
		texture_name=dirt2
		collidable=true
		size=1.0
		TTL=0
	/Entity

	Entity=ent175
		type=null
		positionX=1.0
		positionY=-5.0
		positionZ=2.0
		gravityX=0.0
		gravityY=0.0
		gravityZ=0.0
		mass=0.0
		transparent=false
		alpha=1.0
		texture_name=dirt2
		collidable=true
		size=1.0
		TTL=0
	/Entity

	Entity=ent176
		type=null
		positionX=3.0
		positionY=-5.0
		positionZ=2.0
		gravityX=0.0
		gravityY=0.0
		gravityZ=0.0
		mass=0.0
		transparent=false
		alpha=1.0
		texture_name=dirt2
		collidable=true
		size=1.0
		TTL=0
	/Entity

	Entity=ent177
		type=null
		positionX=5.0
		positionY=-5.0
		positionZ=2.0
		gravityX=0.0
		gravityY=0.0
		gravityZ=0.0
		mass=0.0
		transparent=false
		alpha=1.0
		texture_name=dirt2
		collidable=true
		size=1.0
		TTL=0
	/Entity

	Entity=ent178
		type=null
		positionX=7.0
		positionY=-5.0
		positionZ=2.0
		gravityX=0.0
		gravityY=0.0
		gravityZ=0.0
		mass=0.0
		transparent=false
		alpha=1.0
		texture_name=dirt2
		collidable=true
		size=1.0
		TTL=0
	/Entity

	Entity=ent179
		type=null
		positionX=9.0
		positionY=-5.0
		positionZ=2.0
		gravityX=0.0
		gravityY=0.0
		gravityZ=0.0
		mass=0.0
		transparent=false
		alpha=1.0
		texture_name=dirt2
		collidable=true
		size=1.0
		TTL=0
	/Entity

	Entity=ent180
		type=null
		positionX=11.0
		positionY=-5.0
		positionZ=2.0
		gravityX=0.0
		gravityY=0.0
		gravityZ=0.0
		mass=0.0
		transparent=false
		alpha=1.0
		texture_name=dirt2
		collidable=true
		size=1.0
		TTL=0
	/Entity

	Entity=ent181
		type=null
		positionX=13.0
		positionY=-5.0
		positionZ=2.0
		gravityX=0.0
		gravityY=0.0
		gravityZ=0.0
		mass=0.0
		transparent=false
		alpha=1.0
		texture_name=dirt2
		collidable=true
		size=1.0
		TTL=0
	/Entity

	Entity=ent182
		type=null
		positionX=15.0
		positionY=-5.0
		positionZ=2.0
		gravityX=0.0
		gravityY=0.0
		gravityZ=0.0
		mass=0.0
		transparent=false
		alpha=1.0
		texture_name=dirt2
		collidable=true
		size=1.0
		TTL=0
	/Entity

	Entity=ent183
		type=null
		positionX=17.0
		positionY=-5.0
		positionZ=2.0
		gravityX=0.0
		gravityY=0.0
		gravityZ=0.0
		mass=0.0
		transparent=false
		alpha=1.0
		texture_name=dirt2
		collidable=true
		size=1.0
		TTL=0
	/Entity

	Entity=ent184
		type=null
		positionX=19.0
		positionY=-5.0
		positionZ=2.0
		gravityX=0.0
		gravityY=0.0
		gravityZ=0.0
		mass=0.0
		transparent=false
		alpha=1.0
		texture_name=dirt2
		collidable=true
		size=1.0
		TTL=0
	/Entity

	Entity=ent185
		type=null
		positionX=21.0
		positionY=-5.0
		positionZ=2.0
		gravityX=0.0
		gravityY=0.0
		gravityZ=0.0
		mass=0.0
		transparent=false
		alpha=1.0
		texture_name=dirt2
		collidable=true
		size=1.0
		TTL=0
	/Entity

	Entity=ent186
		type=null
		positionX=23.0
		positionY=-5.0
		positionZ=2.0
		gravityX=0.0
		gravityY=0.0
		gravityZ=0.0
		mass=0.0
		transparent=false
		alpha=1.0
		texture_name=dirt2
		collidable=true
		size=1.0
		TTL=0
	/Entity

	Entity=ent187
		type=null
		positionX=25.0
		positionY=-5.0
		positionZ=2.0
		gravityX=0.0
		gravityY=0.0
		gravityZ=0.0
		mass=0.0
		transparent=false
		alpha=1.0
		texture_name=dirt2
		collidable=true
		size=1.0
		TTL=0
	/Entity

	Entity=ent188
		type=null
		positionX=27.0
		positionY=-5.0
		positionZ=2.0
		gravityX=0.0
		gravityY=0.0
		gravityZ=0.0
		mass=0.0
		transparent=false
		alpha=1.0
		texture_name=dirt2
		collidable=true
		size=1.0
		TTL=0
	/Entity

	Entity=ent189
		type=null
		positionX=29.0
		positionY=-5.0
		positionZ=2.0
		gravityX=0.0
		gravityY=0.0
		gravityZ=0.0
		mass=0.0
		transparent=false
		alpha=1.0
		texture_name=dirt2
		collidable=true
		size=1.0
		TTL=0
	/Entity

	Entity=ent190
		type=null
		positionX=29.0
		positionY=-5.0
		positionZ=0.0
		gravityX=0.0
		gravityY=0.0
		gravityZ=0.0
		mass=0.0
		transparent=false
		alpha=1.0
		texture_name=dirt2
		collidable=true
		size=1.0
		TTL=0
	/Entity

	Entity=ent191
		type=null
		positionX=29.0
		positionY=-5.0
		positionZ=-2.0
		gravityX=0.0
		gravityY=0.0
		gravityZ=0.0
		mass=0.0
		transparent=false
		alpha=1.0
		texture_name=dirt2
		collidable=true
		size=1.0
		TTL=0
	/Entity

	Entity=ent192
		type=null
		positionX=-3.0
		positionY=-5.0
		positionZ=-2.0
		gravityX=0.0
		gravityY=0.0
		gravityZ=0.0
		mass=0.0
		transparent=false
		alpha=1.0
		texture_name=dirt2
		collidable=true
		size=1.0
		TTL=0
	/Entity

	Entity=ent193
		type=null
		positionX=-3.0
		positionY=-5.0
		positionZ=0.0
		gravityX=0.0
		gravityY=0.0
		gravityZ=0.0
		mass=0.0
		transparent=false
		alpha=1.0
		texture_name=dirt2
		collidable=true
		size=1.0
		TTL=0
	/Entity

	Entity=ent194
		type=null
		positionX=-3.0
		positionY=-5.0
		positionZ=0.0
		gravityX=0.0
		gravityY=0.0
		gravityZ=0.0
		mass=0.0
		transparent=false
		alpha=1.0
		texture_name=dirt2
		collidable=true
		size=1.0
		TTL=0
	/Entity

	Entity=ent195
		type=null
		positionX=-3.0
		positionY=-7.0
		positionZ=2.0
		gravityX=0.0
		gravityY=0.0
		gravityZ=0.0
		mass=0.0
		transparent=false
		alpha=1.0
		texture_name=dirt2
		collidable=true
		size=1.0
		TTL=0
	/Entity

	Entity=ent196
		type=null
		positionX=-1.0
		positionY=-7.0
		positionZ=2.0
		gravityX=0.0
		gravityY=0.0
		gravityZ=0.0
		mass=0.0
		transparent=false
		alpha=1.0
		texture_name=dirt2
		collidable=true
		size=1.0
		TTL=0
	/Entity

	Entity=ent197
		type=null
		positionX=1.0
		positionY=-7.0
		positionZ=2.0
		gravityX=0.0
		gravityY=0.0
		gravityZ=0.0
		mass=0.0
		transparent=false
		alpha=1.0
		texture_name=dirt2
		collidable=true
		size=1.0
		TTL=0
	/Entity

	Entity=ent198
		type=null
		positionX=3.0
		positionY=-7.0
		positionZ=2.0
		gravityX=0.0
		gravityY=0.0
		gravityZ=0.0
		mass=0.0
		transparent=false
		alpha=1.0
		texture_name=dirt2
		collidable=true
		size=1.0
		TTL=0
	/Entity

	Entity=ent199
		type=null
		positionX=5.0
		positionY=-7.0
		positionZ=2.0
		gravityX=0.0
		gravityY=0.0
		gravityZ=0.0
		mass=0.0
		transparent=false
		alpha=1.0
		texture_name=dirt2
		collidable=true
		size=1.0
		TTL=0
	/Entity

	Entity=ent200
		type=null
		positionX=7.0
		positionY=-7.0
		positionZ=2.0
		gravityX=0.0
		gravityY=0.0
		gravityZ=0.0
		mass=0.0
		transparent=false
		alpha=1.0
		texture_name=dirt2
		collidable=true
		size=1.0
		TTL=0
	/Entity

	Entity=ent201
		type=null
		positionX=9.0
		positionY=-7.0
		positionZ=2.0
		gravityX=0.0
		gravityY=0.0
		gravityZ=0.0
		mass=0.0
		transparent=false
		alpha=1.0
		texture_name=dirt2
		collidable=true
		size=1.0
		TTL=0
	/Entity

	Entity=ent202
		type=null
		positionX=11.0
		positionY=-7.0
		positionZ=2.0
		gravityX=0.0
		gravityY=0.0
		gravityZ=0.0
		mass=0.0
		transparent=false
		alpha=1.0
		texture_name=dirt2
		collidable=true
		size=1.0
		TTL=0
	/Entity

	Entity=ent203
		type=null
		positionX=13.0
		positionY=-7.0
		positionZ=2.0
		gravityX=0.0
		gravityY=0.0
		gravityZ=0.0
		mass=0.0
		transparent=false
		alpha=1.0
		texture_name=dirt2
		collidable=true
		size=1.0
		TTL=0
	/Entity

	Entity=ent204
		type=null
		positionX=15.0
		positionY=-7.0
		positionZ=2.0
		gravityX=0.0
		gravityY=0.0
		gravityZ=0.0
		mass=0.0
		transparent=false
		alpha=1.0
		texture_name=dirt2
		collidable=true
		size=1.0
		TTL=0
	/Entity

	Entity=ent205
		type=null
		positionX=17.0
		positionY=-7.0
		positionZ=2.0
		gravityX=0.0
		gravityY=0.0
		gravityZ=0.0
		mass=0.0
		transparent=false
		alpha=1.0
		texture_name=dirt2
		collidable=true
		size=1.0
		TTL=0
	/Entity

	Entity=ent206
		type=null
		positionX=19.0
		positionY=-7.0
		positionZ=2.0
		gravityX=0.0
		gravityY=0.0
		gravityZ=0.0
		mass=0.0
		transparent=false
		alpha=1.0
		texture_name=dirt2
		collidable=true
		size=1.0
		TTL=0
	/Entity

	Entity=ent207
		type=null
		positionX=21.0
		positionY=-7.0
		positionZ=2.0
		gravityX=0.0
		gravityY=0.0
		gravityZ=0.0
		mass=0.0
		transparent=false
		alpha=1.0
		texture_name=dirt2
		collidable=true
		size=1.0
		TTL=0
	/Entity

	Entity=ent208
		type=null
		positionX=23.0
		positionY=-7.0
		positionZ=2.0
		gravityX=0.0
		gravityY=0.0
		gravityZ=0.0
		mass=0.0
		transparent=false
		alpha=1.0
		texture_name=dirt2
		collidable=true
		size=1.0
		TTL=0
	/Entity

	Entity=ent209
		type=null
		positionX=25.0
		positionY=-7.0
		positionZ=2.0
		gravityX=0.0
		gravityY=0.0
		gravityZ=0.0
		mass=0.0
		transparent=false
		alpha=1.0
		texture_name=dirt2
		collidable=true
		size=1.0
		TTL=0
	/Entity

	Entity=ent210
		type=null
		positionX=27.0
		positionY=-7.0
		positionZ=2.0
		gravityX=0.0
		gravityY=0.0
		gravityZ=0.0
		mass=0.0
		transparent=false
		alpha=1.0
		texture_name=dirt2
		collidable=true
		size=1.0
		TTL=0
	/Entity

	Entity=ent211
		type=null
		positionX=29.0
		positionY=-7.0
		positionZ=2.0
		gravityX=0.0
		gravityY=0.0
		gravityZ=0.0
		mass=0.0
		transparent=false
		alpha=1.0
		texture_name=dirt2
		collidable=true
		size=1.0
		TTL=0
	/Entity

	Entity=ent212
		type=null
		positionX=29.0
		positionY=-7.0
		positionZ=0.0
		gravityX=0.0
		gravityY=0.0
		gravityZ=0.0
		mass=0.0
		transparent=false
		alpha=1.0
		texture_name=dirt2
		collidable=true
		size=1.0
		TTL=0
	/Entity

	Entity=ent213
		type=null
		positionX=29.0
		positionY=-7.0
		positionZ=-2.0
		gravityX=0.0
		gravityY=0.0
		gravityZ=0.0
		mass=0.0
		transparent=false
		alpha=1.0
		texture_name=dirt2
		collidable=true
		size=1.0
		TTL=0
	/Entity

	Entity=ent214
		type=null
		positionX=-3.0
		positionY=-7.0
		positionZ=-2.0
		gravityX=0.0
		gravityY=0.0
		gravityZ=0.0
		mass=0.0
		transparent=false
		alpha=1.0
		texture_name=dirt2
		collidable=true
		size=1.0
		TTL=0
	/Entity

	Entity=ent215
		type=null
		positionX=-3.0
		positionY=-7.0
		positionZ=0.0
		gravityX=0.0
		gravityY=0.0
		gravityZ=0.0
		mass=0.0
		transparent=false
		alpha=1.0
		texture_name=dirt2
		collidable=true
		size=1.0
		TTL=0
	/Entity

	Entity=ent216
		type=null
		positionX=29.0
		positionY=-3.0
		positionZ=0.0
		gravityX=0.0
		gravityY=0.0
		gravityZ=0.0
		mass=0.0
		transparent=false
		alpha=1.0
		texture_name=grass1
		collidable=true
		size=1.0
		TTL=0
	/Entity

	Entity=ent217
		type=null
		positionX=-3.0
		positionY=-3.0
		positionZ=0.0
		gravityX=0.0
		gravityY=0.0
		gravityZ=0.0
		mass=0.0
		transparent=false
		alpha=1.0
		texture_name=grass1
		collidable=true
		size=1.0
		TTL=0
	/Entity

	Entity=ent218
		type=null
		positionX=11.0
		positionY=11.0
		positionZ=0.0
		gravityX=0.0
		gravityY=0.0
		gravityZ=0.0
		mass=0.0
		transparent=false
		alpha=1.0
		texture_name=cube1
		collidable=true
		size=1.0
		TTL=0
	/Entity

	Entity=ent219
		type=null
		positionX=72.0
		positionY=-11.0
		positionZ=0.0
		gravityX=0.0
		gravityY=0.0
		gravityZ=0.0
		mass=0.0
		transparent=false
		alpha=1.0
		texture_name=brick2
		collidable=true
		size=1.0
		TTL=0
	/Entity

	Entity=ent220
		type=null
		positionX=72.0
		positionY=-9.0
		positionZ=0.0
		gravityX=0.0
		gravityY=0.0
		gravityZ=0.0
		mass=0.0
		transparent=false
		alpha=1.0
		texture_name=brick2
		collidable=true
		size=1.0
		TTL=0
	/Entity

	Entity=ent221
		type=null
		positionX=72.0
		positionY=-7.0
		positionZ=0.0
		gravityX=0.0
		gravityY=0.0
		gravityZ=0.0
		mass=0.0
		transparent=false
		alpha=1.0
		texture_name=brick2
		collidable=true
		size=1.0
		TTL=0
	/Entity

	Entity=ent222
		type=null
		positionX=72.0
		positionY=-5.0
		positionZ=0.0
		gravityX=0.0
		gravityY=0.0
		gravityZ=0.0
		mass=0.0
		transparent=false
		alpha=1.0
		texture_name=brick2
		collidable=true
		size=1.0
		TTL=0
	/Entity

	Entity=ent223
		type=null
		positionX=72.0
		positionY=-3.0
		positionZ=0.0
		gravityX=0.0
		gravityY=0.0
		gravityZ=0.0
		mass=0.0
		transparent=false
		alpha=1.0
		texture_name=brick2
		collidable=true
		size=1.0
		TTL=0
	/Entity

	Entity=ent224
		type=null
		positionX=72.0
		positionY=-1.0
		positionZ=0.0
		gravityX=0.0
		gravityY=0.0
		gravityZ=0.0
		mass=0.0
		transparent=false
		alpha=1.0
		texture_name=brick2
		collidable=true
		size=1.0
		TTL=0
	/Entity

	Entity=ent225
		type=null
		positionX=72.0
		positionY=1.0
		positionZ=0.0
		gravityX=0.0
		gravityY=0.0
		gravityZ=0.0
		mass=0.0
		transparent=false
		alpha=1.0
		texture_name=brick2
		collidable=true
		size=1.0
		TTL=0
	/Entity

	Entity=ent226
		type=null
		positionX=74.0
		positionY=1.0
		positionZ=0.0
		gravityX=0.0
		gravityY=0.0
		gravityZ=0.0
		mass=0.0
		transparent=false
		alpha=1.0
		texture_name=brick2
		collidable=true
		size=1.0
		TTL=0
	/Entity

	Entity=ent227
		type=null
		positionX=76.0
		positionY=1.0
		positionZ=0.0
		gravityX=0.0
		gravityY=0.0
		gravityZ=0.0
		mass=0.0
		transparent=false
		alpha=1.0
		texture_name=brick2
		collidable=true
		size=1.0
		TTL=0
	/Entity

	Entity=ent228
		type=null
		positionX=78.0
		positionY=1.0
		positionZ=0.0
		gravityX=0.0
		gravityY=0.0
		gravityZ=0.0
		mass=0.0
		transparent=false
		alpha=1.0
		texture_name=brick2
		collidable=true
		size=1.0
		TTL=0
	/Entity

	Entity=ent229
		type=null
		positionX=80.0
		positionY=1.0
		positionZ=0.0
		gravityX=0.0
		gravityY=0.0
		gravityZ=0.0
		mass=0.0
		transparent=false
		alpha=1.0
		texture_name=brick2
		collidable=true
		size=1.0
		TTL=0
	/Entity

	Entity=ent230
		type=null
		positionX=82.0
		positionY=1.0
		positionZ=0.0
		gravityX=0.0
		gravityY=0.0
		gravityZ=0.0
		mass=0.0
		transparent=false
		alpha=1.0
		texture_name=brick2
		collidable=true
		size=1.0
		TTL=0
	/Entity

	Entity=ent231
		type=null
		positionX=84.0
		positionY=1.0
		positionZ=0.0
		gravityX=0.0
		gravityY=0.0
		gravityZ=0.0
		mass=0.0
		transparent=false
		alpha=1.0
		texture_name=brick2
		collidable=true
		size=1.0
		TTL=0
	/Entity

	Entity=ent232
		type=null
		positionX=86.0
		positionY=1.0
		positionZ=0.0
		gravityX=0.0
		gravityY=0.0
		gravityZ=0.0
		mass=0.0
		transparent=false
		alpha=1.0
		texture_name=brick2
		collidable=true
		size=1.0
		TTL=0
	/Entity

	Entity=ent233
		type=null
		positionX=88.0
		positionY=1.0
		positionZ=0.0
		gravityX=0.0
		gravityY=0.0
		gravityZ=0.0
		mass=0.0
		transparent=false
		alpha=1.0
		texture_name=brick2
		collidable=true
		size=1.0
		TTL=0
	/Entity

	Entity=ent234
		type=null
		positionX=90.0
		positionY=1.0
		positionZ=0.0
		gravityX=0.0
		gravityY=0.0
		gravityZ=0.0
		mass=0.0
		transparent=false
		alpha=1.0
		texture_name=brick2
		collidable=true
		size=1.0
		TTL=0
	/Entity

	Entity=ent235
		type=null
		positionX=92.0
		positionY=1.0
		positionZ=0.0
		gravityX=0.0
		gravityY=0.0
		gravityZ=0.0
		mass=0.0
		transparent=false
		alpha=1.0
		texture_name=brick2
		collidable=true
		size=1.0
		TTL=0
	/Entity

	Entity=ent236
		type=null
		positionX=92.0
		positionY=-1.0
		positionZ=0.0
		gravityX=0.0
		gravityY=0.0
		gravityZ=0.0
		mass=0.0
		transparent=false
		alpha=1.0
		texture_name=brick2
		collidable=true
		size=1.0
		TTL=0
	/Entity

	Entity=ent237
		type=null
		positionX=92.0
		positionY=-3.0
		positionZ=0.0
		gravityX=0.0
		gravityY=0.0
		gravityZ=0.0
		mass=0.0
		transparent=false
		alpha=1.0
		texture_name=brick2
		collidable=true
		size=1.0
		TTL=0
	/Entity

	Entity=ent238
		type=null
		positionX=92.0
		positionY=-5.0
		positionZ=0.0
		gravityX=0.0
		gravityY=0.0
		gravityZ=0.0
		mass=0.0
		transparent=false
		alpha=1.0
		texture_name=brick2
		collidable=true
		size=1.0
		TTL=0
	/Entity

	Entity=ent239
		type=null
		positionX=92.0
		positionY=-7.0
		positionZ=0.0
		gravityX=0.0
		gravityY=0.0
		gravityZ=0.0
		mass=0.0
		transparent=false
		alpha=1.0
		texture_name=brick2
		collidable=true
		size=1.0
		TTL=0
	/Entity

	Entity=ent240
		type=null
		positionX=92.0
		positionY=-9.0
		positionZ=0.0
		gravityX=0.0
		gravityY=0.0
		gravityZ=0.0
		mass=0.0
		transparent=false
		alpha=1.0
		texture_name=brick2
		collidable=true
		size=1.0
		TTL=0
	/Entity

	Entity=ent241
		type=null
		positionX=92.0
		positionY=-11.0
		positionZ=0.0
		gravityX=0.0
		gravityY=0.0
		gravityZ=0.0
		mass=0.0
		transparent=false
		alpha=1.0
		texture_name=brick2
		collidable=true
		size=1.0
		TTL=0
	/Entity

	Entity=ent242
		type=null
		positionX=103.0
		positionY=1.0
		positionZ=0.0
		gravityX=0.0
		gravityY=0.0
		gravityZ=0.0
		mass=0.0
		transparent=false
		alpha=1.0
		texture_name=brick2
		collidable=true
		size=1.0
		TTL=0
	/Entity

	Entity=ent243
		type=null
		positionX=103.0
		positionY=-1.0
		positionZ=0.0
		gravityX=0.0
		gravityY=0.0
		gravityZ=0.0
		mass=0.0
		transparent=false
		alpha=1.0
		texture_name=brick2
		collidable=true
		size=1.0
		TTL=0
	/Entity

	Entity=ent244
		type=null
		positionX=103.0
		positionY=-3.0
		positionZ=0.0
		gravityX=0.0
		gravityY=0.0
		gravityZ=0.0
		mass=0.0
		transparent=false
		alpha=1.0
		texture_name=brick2
		collidable=true
		size=1.0
		TTL=0
	/Entity

	Entity=ent245
		type=null
		positionX=103.0
		positionY=-5.0
		positionZ=0.0
		gravityX=0.0
		gravityY=0.0
		gravityZ=0.0
		mass=0.0
		transparent=false
		alpha=1.0
		texture_name=brick2
		collidable=true
		size=1.0
		TTL=0
	/Entity

	Entity=ent246
		type=null
		positionX=103.0
		positionY=-7.0
		positionZ=0.0
		gravityX=0.0
		gravityY=0.0
		gravityZ=0.0
		mass=0.0
		transparent=false
		alpha=1.0
		texture_name=brick2
		collidable=true
		size=1.0
		TTL=0
	/Entity

	Entity=ent247
		type=null
		positionX=103.0
		positionY=-11.0
		positionZ=0.0
		gravityX=0.0
		gravityY=0.0
		gravityZ=0.0
		mass=0.0
		transparent=false
		alpha=1.0
		texture_name=brick2
		collidable=true
		size=1.0
		TTL=0
	/Entity

	Entity=ent248
		type=null
		positionX=103.0
		positionY=-9.0
		positionZ=0.0
		gravityX=0.0
		gravityY=0.0
		gravityZ=0.0
		mass=0.0
		transparent=false
		alpha=1.0
		texture_name=brick2
		collidable=true
		size=1.0
		TTL=0
	/Entity

	Entity=ent249
		type=null
		positionX=114.0
		positionY=-1.0
		positionZ=0.0
		gravityX=0.0
		gravityY=0.0
		gravityZ=0.0
		mass=0.0
		transparent=false
		alpha=1.0
		texture_name=brick2
		collidable=true
		size=1.0
		TTL=0
	/Entity

	Entity=ent250
		type=null
		positionX=114.0
		positionY=1.0
		positionZ=0.0
		gravityX=0.0
		gravityY=0.0
		gravityZ=0.0
		mass=0.0
		transparent=false
		alpha=1.0
		texture_name=brick2
		collidable=true
		size=1.0
		TTL=0
	/Entity

	Entity=ent251
		type=null
		positionX=114.0
		positionY=-3.0
		positionZ=0.0
		gravityX=0.0
		gravityY=0.0
		gravityZ=0.0
		mass=0.0
		transparent=false
		alpha=1.0
		texture_name=brick2
		collidable=true
		size=1.0
		TTL=0
	/Entity

	Entity=ent252
		type=null
		positionX=114.0
		positionY=-5.0
		positionZ=0.0
		gravityX=0.0
		gravityY=0.0
		gravityZ=0.0
		mass=0.0
		transparent=false
		alpha=1.0
		texture_name=brick2
		collidable=true
		size=1.0
		TTL=0
	/Entity

	Entity=ent253
		type=null
		positionX=114.0
		positionY=-7.0
		positionZ=0.0
		gravityX=0.0
		gravityY=0.0
		gravityZ=0.0
		mass=0.0
		transparent=false
		alpha=1.0
		texture_name=brick2
		collidable=true
		size=1.0
		TTL=0
	/Entity

	Entity=ent254
		type=null
		positionX=114.0
		positionY=-9.0
		positionZ=0.0
		gravityX=0.0
		gravityY=0.0
		gravityZ=0.0
		mass=0.0
		transparent=false
		alpha=1.0
		texture_name=brick2
		collidable=true
		size=1.0
		TTL=0
	/Entity

	Entity=ent255
		type=null
		positionX=114.0
		positionY=-11.0
		positionZ=0.0
		gravityX=0.0
		gravityY=0.0
		gravityZ=0.0
		mass=0.0
		transparent=false
		alpha=1.0
		texture_name=brick2
		collidable=true
		size=1.0
		TTL=0
	/Entity

	Entity=ent256
		type=null
		positionX=116.0
		positionY=1.0
		positionZ=0.0
		gravityX=0.0
		gravityY=0.0
		gravityZ=0.0
		mass=0.0
		transparent=false
		alpha=1.0
		texture_name=brick2
		collidable=true
		size=1.0
		TTL=0
	/Entity

	Entity=ent257
		type=null
		positionX=118.0
		positionY=1.0
		positionZ=0.0
		gravityX=0.0
		gravityY=0.0
		gravityZ=0.0
		mass=0.0
		transparent=false
		alpha=1.0
		texture_name=brick2
		collidable=true
		size=1.0
		TTL=0
	/Entity

	Entity=ent258
		type=null
		positionX=120.0
		positionY=1.0
		positionZ=0.0
		gravityX=0.0
		gravityY=0.0
		gravityZ=0.0
		mass=0.0
		transparent=false
		alpha=1.0
		texture_name=brick2
		collidable=true
		size=1.0
		TTL=0
	/Entity

	Entity=ent259
		type=null
		positionX=122.0
		positionY=1.0
		positionZ=0.0
		gravityX=0.0
		gravityY=0.0
		gravityZ=0.0
		mass=0.0
		transparent=false
		alpha=1.0
		texture_name=brick2
		collidable=true
		size=1.0
		TTL=0
	/Entity

	Entity=ent260
		type=null
		positionX=124.0
		positionY=1.0
		positionZ=0.0
		gravityX=0.0
		gravityY=0.0
		gravityZ=0.0
		mass=0.0
		transparent=false
		alpha=1.0
		texture_name=brick2
		collidable=true
		size=1.0
		TTL=0
	/Entity

	Entity=ent261
		type=null
		positionX=126.0
		positionY=1.0
		positionZ=0.0
		gravityX=0.0
		gravityY=0.0
		gravityZ=0.0
		mass=0.0
		transparent=false
		alpha=1.0
		texture_name=brick2
		collidable=true
		size=1.0
		TTL=0
	/Entity

	Entity=ent262
		type=null
		positionX=128.0
		positionY=1.0
		positionZ=0.0
		gravityX=0.0
		gravityY=0.0
		gravityZ=0.0
		mass=0.0
		transparent=false
		alpha=1.0
		texture_name=brick2
		collidable=true
		size=1.0
		TTL=0
	/Entity

	Entity=ent263
		type=null
		positionX=130.0
		positionY=1.0
		positionZ=0.0
		gravityX=0.0
		gravityY=0.0
		gravityZ=0.0
		mass=0.0
		transparent=false
		alpha=1.0
		texture_name=brick2
		collidable=true
		size=1.0
		TTL=0
	/Entity

	Entity=ent264
		type=null
		positionX=132.0
		positionY=1.0
		positionZ=0.0
		gravityX=0.0
		gravityY=0.0
		gravityZ=0.0
		mass=0.0
		transparent=false
		alpha=1.0
		texture_name=brick2
		collidable=true
		size=1.0
		TTL=0
	/Entity

	Entity=ent265
		type=null
		positionX=19.0
		positionY=8.0
		positionZ=0.0
		gravityX=0.0
		gravityY=0.0
		gravityZ=0.0
		mass=0.0
		transparent=true
		alpha=0.5
		texture_name=grass_border1
		collidable=true
		size=1.0
		TTL=0
	/Entity

/level
